MPLINK 5.07, LINKER
Linker Map File - Created Sat Mar 31 17:53:16 2018

                                 Section Info
                  Section       Type    Address   Location Size(Bytes)
                ---------  ---------  ---------  ---------  ---------
                 RES_VECT       code   0x000000    program   0x000004
                   .cinit    romdata   0x000004    program   0x000002
                   .org_0       code   0x000008    program   0x0000fc
.config_300001_BUILD/DEFAULT/DEBUG/MAIN.O    romdata   0x300001    program   0x000001
.config_300002_BUILD/DEFAULT/DEBUG/MAIN.O    romdata   0x300002    program   0x000001
.config_300003_BUILD/DEFAULT/DEBUG/MAIN.O    romdata   0x300003    program   0x000001
.config_300004_BUILD/DEFAULT/DEBUG/MAIN.O    romdata   0x300004    program   0x000001
.config_300005_BUILD/DEFAULT/DEBUG/MAIN.O    romdata   0x300005    program   0x000001
.config_300006_BUILD/DEFAULT/DEBUG/MAIN.O    romdata   0x300006    program   0x000001
.config_300008_BUILD/DEFAULT/DEBUG/MAIN.O    romdata   0x300008    program   0x000001
.config_300009_BUILD/DEFAULT/DEBUG/MAIN.O    romdata   0x300009    program   0x000001
.config_30000A_BUILD/DEFAULT/DEBUG/MAIN.O    romdata   0x30000a    program   0x000001
.config_30000B_BUILD/DEFAULT/DEBUG/MAIN.O    romdata   0x30000b    program   0x000001
.config_30000C_BUILD/DEFAULT/DEBUG/MAIN.O    romdata   0x30000c    program   0x000001
.config_30000D_BUILD/DEFAULT/DEBUG/MAIN.O    romdata   0x30000d    program   0x000001
               .udata_acs      udata   0x000000       data   0x00000a



                              Program Memory Usage 
                               Start         End      
                           ---------   ---------      
                            0x000000    0x000005      
                            0x000008    0x000103      
                            0x300001    0x300006      
                            0x300008    0x30000d      
            270 out of 132120 program addresses used, program memory utilization is 0%



                              Symbols - Sorted by Name
                     Name    Address   Location    Storage File                     
                ---------  ---------  ---------  --------- ---------                
                 HIGH_ISR   0x00000c    program     static /home/bs06/e2099018/Desktop/3-2/336/Introduction-to-the-Embedded-Systems/The2.X/main.asm
                     INIT   0x0000d2    program     static /home/bs06/e2099018/Desktop/3-2/336/Introduction-to-the-Embedded-Systems/The2.X/main.asm
              RG0_pressed   0x00004c    program     static /home/bs06/e2099018/Desktop/3-2/336/Introduction-to-the-Embedded-Systems/The2.X/main.asm
             RG0_released   0x000042    program     static /home/bs06/e2099018/Desktop/3-2/336/Introduction-to-the-Embedded-Systems/The2.X/main.asm
                  RG1_end   0x00003e    program     static /home/bs06/e2099018/Desktop/3-2/336/Introduction-to-the-Embedded-Systems/The2.X/main.asm
              RG1_pressed   0x000038    program     static /home/bs06/e2099018/Desktop/3-2/336/Introduction-to-the-Embedded-Systems/The2.X/main.asm
             RG1_released   0x00002e    program     static /home/bs06/e2099018/Desktop/3-2/336/Introduction-to-the-Embedded-Systems/The2.X/main.asm
              RG2_pressed   0x0000a0    program     static /home/bs06/e2099018/Desktop/3-2/336/Introduction-to-the-Embedded-Systems/The2.X/main.asm
             RG2_released   0x000096    program     static /home/bs06/e2099018/Desktop/3-2/336/Introduction-to-the-Embedded-Systems/The2.X/main.asm
                  RG3_end   0x000092    program     static /home/bs06/e2099018/Desktop/3-2/336/Introduction-to-the-Embedded-Systems/The2.X/main.asm
              RG3_pressed   0x00008c    program     static /home/bs06/e2099018/Desktop/3-2/336/Introduction-to-the-Embedded-Systems/The2.X/main.asm
             RG3_released   0x000082    program     static /home/bs06/e2099018/Desktop/3-2/336/Introduction-to-the-Embedded-Systems/The2.X/main.asm
                  RGA_end   0x000052    program     static /home/bs06/e2099018/Desktop/3-2/336/Introduction-to-the-Embedded-Systems/The2.X/main.asm
                  RGF_end   0x0000a6    program     static /home/bs06/e2099018/Desktop/3-2/336/Introduction-to-the-Embedded-Systems/The2.X/main.asm
                    START   0x00001a    program     static /home/bs06/e2099018/Desktop/3-2/336/Introduction-to-the-Embedded-Systems/The2.X/main.asm
                     main   0x00001e    program     static /home/bs06/e2099018/Desktop/3-2/336/Introduction-to-the-Embedded-Systems/The2.X/main.asm
        move_paddle1_down   0x00006a    program     static /home/bs06/e2099018/Desktop/3-2/336/Introduction-to-the-Embedded-Systems/The2.X/main.asm
         move_paddle1_end   0x000078    program     static /home/bs06/e2099018/Desktop/3-2/336/Introduction-to-the-Embedded-Systems/The2.X/main.asm
          move_paddle1_up   0x00005e    program     static /home/bs06/e2099018/Desktop/3-2/336/Introduction-to-the-Embedded-Systems/The2.X/main.asm
        move_paddle2_down   0x0000be    program     static /home/bs06/e2099018/Desktop/3-2/336/Introduction-to-the-Embedded-Systems/The2.X/main.asm
         move_paddle2_end   0x0000cc    program     static /home/bs06/e2099018/Desktop/3-2/336/Introduction-to-the-Embedded-Systems/The2.X/main.asm
          move_paddle2_up   0x0000b2    program     static /home/bs06/e2099018/Desktop/3-2/336/Introduction-to-the-Embedded-Systems/The2.X/main.asm
                 paddle_1   0x00002a    program     static /home/bs06/e2099018/Desktop/3-2/336/Introduction-to-the-Embedded-Systems/The2.X/main.asm
        paddle_1_led_task   0x000058    program     static /home/bs06/e2099018/Desktop/3-2/336/Introduction-to-the-Embedded-Systems/The2.X/main.asm
                 paddle_2   0x00007e    program     static /home/bs06/e2099018/Desktop/3-2/336/Introduction-to-the-Embedded-Systems/The2.X/main.asm
        paddle_2_led_task   0x0000ac    program     static /home/bs06/e2099018/Desktop/3-2/336/Introduction-to-the-Embedded-Systems/The2.X/main.asm
               Yok_olan46   0x000009       data     static /home/bs06/e2099018/Desktop/3-2/336/Introduction-to-the-Embedded-Systems/The2.X/main.asm
                  counter   0x000008       data     static /home/bs06/e2099018/Desktop/3-2/336/Introduction-to-the-Embedded-Systems/The2.X/main.asm
              move_down_1   0x000005       data     static /home/bs06/e2099018/Desktop/3-2/336/Introduction-to-the-Embedded-Systems/The2.X/main.asm
              move_down_2   0x000007       data     static /home/bs06/e2099018/Desktop/3-2/336/Introduction-to-the-Embedded-Systems/The2.X/main.asm
                move_up_1   0x000004       data     static /home/bs06/e2099018/Desktop/3-2/336/Introduction-to-the-Embedded-Systems/The2.X/main.asm
                move_up_2   0x000006       data     static /home/bs06/e2099018/Desktop/3-2/336/Introduction-to-the-Embedded-Systems/The2.X/main.asm
                 s_1_down   0x000001       data     static /home/bs06/e2099018/Desktop/3-2/336/Introduction-to-the-Embedded-Systems/The2.X/main.asm
                   s_1_up   0x000000       data     static /home/bs06/e2099018/Desktop/3-2/336/Introduction-to-the-Embedded-Systems/The2.X/main.asm
                 s_2_down   0x000003       data     static /home/bs06/e2099018/Desktop/3-2/336/Introduction-to-the-Embedded-Systems/The2.X/main.asm
                   s_2_up   0x000002       data     static /home/bs06/e2099018/Desktop/3-2/336/Introduction-to-the-Embedded-Systems/The2.X/main.asm



                              Symbols - Sorted by Address
                     Name    Address   Location    Storage File                     
                ---------  ---------  ---------  --------- ---------                
                 HIGH_ISR   0x00000c    program     static /home/bs06/e2099018/Desktop/3-2/336/Introduction-to-the-Embedded-Systems/The2.X/main.asm
                    START   0x00001a    program     static /home/bs06/e2099018/Desktop/3-2/336/Introduction-to-the-Embedded-Systems/The2.X/main.asm
                     main   0x00001e    program     static /home/bs06/e2099018/Desktop/3-2/336/Introduction-to-the-Embedded-Systems/The2.X/main.asm
                 paddle_1   0x00002a    program     static /home/bs06/e2099018/Desktop/3-2/336/Introduction-to-the-Embedded-Systems/The2.X/main.asm
             RG1_released   0x00002e    program     static /home/bs06/e2099018/Desktop/3-2/336/Introduction-to-the-Embedded-Systems/The2.X/main.asm
              RG1_pressed   0x000038    program     static /home/bs06/e2099018/Desktop/3-2/336/Introduction-to-the-Embedded-Systems/The2.X/main.asm
                  RG1_end   0x00003e    program     static /home/bs06/e2099018/Desktop/3-2/336/Introduction-to-the-Embedded-Systems/The2.X/main.asm
             RG0_released   0x000042    program     static /home/bs06/e2099018/Desktop/3-2/336/Introduction-to-the-Embedded-Systems/The2.X/main.asm
              RG0_pressed   0x00004c    program     static /home/bs06/e2099018/Desktop/3-2/336/Introduction-to-the-Embedded-Systems/The2.X/main.asm
                  RGA_end   0x000052    program     static /home/bs06/e2099018/Desktop/3-2/336/Introduction-to-the-Embedded-Systems/The2.X/main.asm
        paddle_1_led_task   0x000058    program     static /home/bs06/e2099018/Desktop/3-2/336/Introduction-to-the-Embedded-Systems/The2.X/main.asm
          move_paddle1_up   0x00005e    program     static /home/bs06/e2099018/Desktop/3-2/336/Introduction-to-the-Embedded-Systems/The2.X/main.asm
        move_paddle1_down   0x00006a    program     static /home/bs06/e2099018/Desktop/3-2/336/Introduction-to-the-Embedded-Systems/The2.X/main.asm
         move_paddle1_end   0x000078    program     static /home/bs06/e2099018/Desktop/3-2/336/Introduction-to-the-Embedded-Systems/The2.X/main.asm
                 paddle_2   0x00007e    program     static /home/bs06/e2099018/Desktop/3-2/336/Introduction-to-the-Embedded-Systems/The2.X/main.asm
             RG3_released   0x000082    program     static /home/bs06/e2099018/Desktop/3-2/336/Introduction-to-the-Embedded-Systems/The2.X/main.asm
              RG3_pressed   0x00008c    program     static /home/bs06/e2099018/Desktop/3-2/336/Introduction-to-the-Embedded-Systems/The2.X/main.asm
                  RG3_end   0x000092    program     static /home/bs06/e2099018/Desktop/3-2/336/Introduction-to-the-Embedded-Systems/The2.X/main.asm
             RG2_released   0x000096    program     static /home/bs06/e2099018/Desktop/3-2/336/Introduction-to-the-Embedded-Systems/The2.X/main.asm
              RG2_pressed   0x0000a0    program     static /home/bs06/e2099018/Desktop/3-2/336/Introduction-to-the-Embedded-Systems/The2.X/main.asm
                  RGF_end   0x0000a6    program     static /home/bs06/e2099018/Desktop/3-2/336/Introduction-to-the-Embedded-Systems/The2.X/main.asm
        paddle_2_led_task   0x0000ac    program     static /home/bs06/e2099018/Desktop/3-2/336/Introduction-to-the-Embedded-Systems/The2.X/main.asm
          move_paddle2_up   0x0000b2    program     static /home/bs06/e2099018/Desktop/3-2/336/Introduction-to-the-Embedded-Systems/The2.X/main.asm
        move_paddle2_down   0x0000be    program     static /home/bs06/e2099018/Desktop/3-2/336/Introduction-to-the-Embedded-Systems/The2.X/main.asm
         move_paddle2_end   0x0000cc    program     static /home/bs06/e2099018/Desktop/3-2/336/Introduction-to-the-Embedded-Systems/The2.X/main.asm
                     INIT   0x0000d2    program     static /home/bs06/e2099018/Desktop/3-2/336/Introduction-to-the-Embedded-Systems/The2.X/main.asm
                   s_1_up   0x000000       data     static /home/bs06/e2099018/Desktop/3-2/336/Introduction-to-the-Embedded-Systems/The2.X/main.asm
                 s_1_down   0x000001       data     static /home/bs06/e2099018/Desktop/3-2/336/Introduction-to-the-Embedded-Systems/The2.X/main.asm
                   s_2_up   0x000002       data     static /home/bs06/e2099018/Desktop/3-2/336/Introduction-to-the-Embedded-Systems/The2.X/main.asm
                 s_2_down   0x000003       data     static /home/bs06/e2099018/Desktop/3-2/336/Introduction-to-the-Embedded-Systems/The2.X/main.asm
                move_up_1   0x000004       data     static /home/bs06/e2099018/Desktop/3-2/336/Introduction-to-the-Embedded-Systems/The2.X/main.asm
              move_down_1   0x000005       data     static /home/bs06/e2099018/Desktop/3-2/336/Introduction-to-the-Embedded-Systems/The2.X/main.asm
                move_up_2   0x000006       data     static /home/bs06/e2099018/Desktop/3-2/336/Introduction-to-the-Embedded-Systems/The2.X/main.asm
              move_down_2   0x000007       data     static /home/bs06/e2099018/Desktop/3-2/336/Introduction-to-the-Embedded-Systems/The2.X/main.asm
                  counter   0x000008       data     static /home/bs06/e2099018/Desktop/3-2/336/Introduction-to-the-Embedded-Systems/The2.X/main.asm
               Yok_olan46   0x000009       data     static /home/bs06/e2099018/Desktop/3-2/336/Introduction-to-the-Embedded-Systems/The2.X/main.asm


