MPLINK 5.08, LINKER
Linker Map File - Created Sat Apr  7 08:22:57 2018

                                 Section Info
                  Section       Type    Address   Location Size(Bytes)
                ---------  ---------  ---------  ---------  ---------
                 RES_VECT       code   0x000000    program   0x000004
                   .cinit    romdata   0x000004    program   0x000002
                   .org_0       code   0x000008    program   0x0004c6
.config_300003_BUILD/DEFAULT/DEBUG/MAIN.O    romdata   0x300003    program   0x000001
               .udata_acs      udata   0x000000       data   0x000012



                              Program Memory Usage 
                               Start         End      
                           ---------   ---------      
                            0x000000    0x000005      
                            0x000008    0x0004cd      
                            0x300003    0x300003      
            1229 out of 132120 program addresses used, program memory utilization is 0%



                              Symbols - Sorted by Name
                     Name    Address   Location    Storage File                     
                ---------  ---------  ---------  --------- ---------                
                 HIGH_ISR   0x00000c    program     static /home/egemen/MPLABXProjects/The2.X/main.asm
                     INIT   0x00045c    program     static /home/egemen/MPLABXProjects/The2.X/main.asm
              RG0_pressed   0x0003a4    program     static /home/egemen/MPLABXProjects/The2.X/main.asm
             RG0_released   0x00039a    program     static /home/egemen/MPLABXProjects/The2.X/main.asm
                  RG1_end   0x000396    program     static /home/egemen/MPLABXProjects/The2.X/main.asm
              RG1_pressed   0x000390    program     static /home/egemen/MPLABXProjects/The2.X/main.asm
             RG1_released   0x000386    program     static /home/egemen/MPLABXProjects/The2.X/main.asm
              RG2_pressed   0x0003f8    program     static /home/egemen/MPLABXProjects/The2.X/main.asm
             RG2_released   0x0003ee    program     static /home/egemen/MPLABXProjects/The2.X/main.asm
                  RG3_end   0x0003ea    program     static /home/egemen/MPLABXProjects/The2.X/main.asm
              RG3_pressed   0x0003e4    program     static /home/egemen/MPLABXProjects/The2.X/main.asm
             RG3_released   0x0003da    program     static /home/egemen/MPLABXProjects/The2.X/main.asm
                  RGA_end   0x0003aa    program     static /home/egemen/MPLABXProjects/The2.X/main.asm
                  RGF_end   0x0003fe    program     static /home/egemen/MPLABXProjects/The2.X/main.asm
                    START   0x00001c    program     static /home/egemen/MPLABXProjects/The2.X/main.asm
                    TABLE   0x0004b4    program     static /home/egemen/MPLABXProjects/The2.X/main.asm
                     _end   0x000380    program     static /home/egemen/MPLABXProjects/The2.X/main.asm
              a_bit_00_11   0x000088    program     static /home/egemen/MPLABXProjects/The2.X/main.asm
                 a_bit_01   0x000098    program     static /home/egemen/MPLABXProjects/The2.X/main.asm
                 a_bit_10   0x0000ac    program     static /home/egemen/MPLABXProjects/The2.X/main.asm
            a_first_bit_0   0x00007e    program     static /home/egemen/MPLABXProjects/The2.X/main.asm
              b_bit_00_11   0x0000e2    program     static /home/egemen/MPLABXProjects/The2.X/main.asm
                 b_bit_01   0x0000ea    program     static /home/egemen/MPLABXProjects/The2.X/main.asm
                 b_bit_10   0x0000fa    program     static /home/egemen/MPLABXProjects/The2.X/main.asm
            b_first_bit_0   0x0000d8    program     static /home/egemen/MPLABXProjects/The2.X/main.asm
              c_bit_00_11   0x00012a    program     static /home/egemen/MPLABXProjects/The2.X/main.asm
                 c_bit_01   0x000132    program     static /home/egemen/MPLABXProjects/The2.X/main.asm
                 c_bit_10   0x000142    program     static /home/egemen/MPLABXProjects/The2.X/main.asm
            c_first_bit_0   0x000120    program     static /home/egemen/MPLABXProjects/The2.X/main.asm
              d_bit_00_11   0x000172    program     static /home/egemen/MPLABXProjects/The2.X/main.asm
                 d_bit_01   0x000176    program     static /home/egemen/MPLABXProjects/The2.X/main.asm
                 d_bit_10   0x000186    program     static /home/egemen/MPLABXProjects/The2.X/main.asm
            d_first_bit_0   0x000168    program     static /home/egemen/MPLABXProjects/The2.X/main.asm
                  display   0x000436    program     static /home/egemen/MPLABXProjects/The2.X/main.asm
              display_end   0x00045a    program     static /home/egemen/MPLABXProjects/The2.X/main.asm
              e_bit_00_11   0x0001b6    program     static /home/egemen/MPLABXProjects/The2.X/main.asm
                 e_bit_01   0x0001ba    program     static /home/egemen/MPLABXProjects/The2.X/main.asm
                 e_bit_10   0x0001ca    program     static /home/egemen/MPLABXProjects/The2.X/main.asm
            e_first_bit_0   0x0001ac    program     static /home/egemen/MPLABXProjects/The2.X/main.asm
                   left_a   0x00006a    program     static /home/egemen/MPLABXProjects/The2.X/main.asm
                   left_b   0x0000c4    program     static /home/egemen/MPLABXProjects/The2.X/main.asm
                   left_c   0x00010a    program     static /home/egemen/MPLABXProjects/The2.X/main.asm
                   left_d   0x000152    program     static /home/egemen/MPLABXProjects/The2.X/main.asm
                   left_e   0x000196    program     static /home/egemen/MPLABXProjects/The2.X/main.asm
               left_goals   0x000448    program     static /home/egemen/MPLABXProjects/The2.X/main.asm
              left_scored   0x000430    program     static /home/egemen/MPLABXProjects/The2.X/main.asm
                     main   0x000020    program     static /home/egemen/MPLABXProjects/The2.X/main.asm
                move_ball   0x000034    program     static /home/egemen/MPLABXProjects/The2.X/main.asm
        move_paddle1_down   0x0003c2    program     static /home/egemen/MPLABXProjects/The2.X/main.asm
         move_paddle1_end   0x0003d0    program     static /home/egemen/MPLABXProjects/The2.X/main.asm
          move_paddle1_up   0x0003b6    program     static /home/egemen/MPLABXProjects/The2.X/main.asm
        move_paddle2_down   0x000416    program     static /home/egemen/MPLABXProjects/The2.X/main.asm
         move_paddle2_end   0x000424    program     static /home/egemen/MPLABXProjects/The2.X/main.asm
          move_paddle2_up   0x00040a    program     static /home/egemen/MPLABXProjects/The2.X/main.asm
           moving_to_left   0x000040    program     static /home/egemen/MPLABXProjects/The2.X/main.asm
          moving_to_right   0x0001da    program     static /home/egemen/MPLABXProjects/The2.X/main.asm
                 paddle_1   0x000382    program     static /home/egemen/MPLABXProjects/The2.X/main.asm
        paddle_1_led_task   0x0003b0    program     static /home/egemen/MPLABXProjects/The2.X/main.asm
                 paddle_2   0x0003d6    program     static /home/egemen/MPLABXProjects/The2.X/main.asm
        paddle_2_led_task   0x000404    program     static /home/egemen/MPLABXProjects/The2.X/main.asm
             rb_bit_00_11   0x000222    program     static /home/egemen/MPLABXProjects/The2.X/main.asm
                rb_bit_01   0x00022a    program     static /home/egemen/MPLABXProjects/The2.X/main.asm
                rb_bit_10   0x00023a    program     static /home/egemen/MPLABXProjects/The2.X/main.asm
           rb_first_bit_0   0x000218    program     static /home/egemen/MPLABXProjects/The2.X/main.asm
             rc_bit_00_11   0x00026a    program     static /home/egemen/MPLABXProjects/The2.X/main.asm
                rc_bit_01   0x000272    program     static /home/egemen/MPLABXProjects/The2.X/main.asm
                rc_bit_10   0x000282    program     static /home/egemen/MPLABXProjects/The2.X/main.asm
           rc_first_bit_0   0x000260    program     static /home/egemen/MPLABXProjects/The2.X/main.asm
             rd_bit_00_11   0x0002b2    program     static /home/egemen/MPLABXProjects/The2.X/main.asm
                rd_bit_01   0x0002ba    program     static /home/egemen/MPLABXProjects/The2.X/main.asm
                rd_bit_10   0x0002ca    program     static /home/egemen/MPLABXProjects/The2.X/main.asm
           rd_first_bit_0   0x0002a8    program     static /home/egemen/MPLABXProjects/The2.X/main.asm
             re_bit_00_11   0x0002fa    program     static /home/egemen/MPLABXProjects/The2.X/main.asm
                re_bit_01   0x000302    program     static /home/egemen/MPLABXProjects/The2.X/main.asm
                re_bit_10   0x000312    program     static /home/egemen/MPLABXProjects/The2.X/main.asm
           re_first_bit_0   0x0002f0    program     static /home/egemen/MPLABXProjects/The2.X/main.asm
             rf_bit_00_11   0x000342    program     static /home/egemen/MPLABXProjects/The2.X/main.asm
                rf_bit_01   0x000352    program     static /home/egemen/MPLABXProjects/The2.X/main.asm
                rf_bit_10   0x000368    program     static /home/egemen/MPLABXProjects/The2.X/main.asm
           rf_first_bit_0   0x000338    program     static /home/egemen/MPLABXProjects/The2.X/main.asm
                  right_b   0x000204    program     static /home/egemen/MPLABXProjects/The2.X/main.asm
                  right_c   0x00024a    program     static /home/egemen/MPLABXProjects/The2.X/main.asm
                  right_d   0x000292    program     static /home/egemen/MPLABXProjects/The2.X/main.asm
                  right_e   0x0002da    program     static /home/egemen/MPLABXProjects/The2.X/main.asm
                  right_f   0x000322    program     static /home/egemen/MPLABXProjects/The2.X/main.asm
              right_goals   0x000436    program     static /home/egemen/MPLABXProjects/The2.X/main.asm
             right_scored   0x00042a    program     static /home/egemen/MPLABXProjects/The2.X/main.asm
               Yok_olan46   0x000009       data     static /home/egemen/MPLABXProjects/The2.X/main.asm
              column_ball   0x00000c       data     static /home/egemen/MPLABXProjects/The2.X/main.asm
                  counter   0x000008       data     static /home/egemen/MPLABXProjects/The2.X/main.asm
                direction   0x00000b       data     static /home/egemen/MPLABXProjects/The2.X/main.asm
               left_score   0x00000e       data     static /home/egemen/MPLABXProjects/The2.X/main.asm
          left_score_flag   0x00000f       data     static /home/egemen/MPLABXProjects/The2.X/main.asm
           move_ball_flag   0x00000a       data     static /home/egemen/MPLABXProjects/The2.X/main.asm
              move_down_1   0x000005       data     static /home/egemen/MPLABXProjects/The2.X/main.asm
              move_down_2   0x000007       data     static /home/egemen/MPLABXProjects/The2.X/main.asm
                move_up_1   0x000004       data     static /home/egemen/MPLABXProjects/The2.X/main.asm
                move_up_2   0x000006       data     static /home/egemen/MPLABXProjects/The2.X/main.asm
              right_score   0x000010       data     static /home/egemen/MPLABXProjects/The2.X/main.asm
         right_score_flag   0x000011       data     static /home/egemen/MPLABXProjects/The2.X/main.asm
                      row   0x00000d       data     static /home/egemen/MPLABXProjects/The2.X/main.asm
                 s_1_down   0x000001       data     static /home/egemen/MPLABXProjects/The2.X/main.asm
                   s_1_up   0x000000       data     static /home/egemen/MPLABXProjects/The2.X/main.asm
                 s_2_down   0x000003       data     static /home/egemen/MPLABXProjects/The2.X/main.asm
                   s_2_up   0x000002       data     static /home/egemen/MPLABXProjects/The2.X/main.asm



                              Symbols - Sorted by Address
                     Name    Address   Location    Storage File                     
                ---------  ---------  ---------  --------- ---------                
                 HIGH_ISR   0x00000c    program     static /home/egemen/MPLABXProjects/The2.X/main.asm
                    START   0x00001c    program     static /home/egemen/MPLABXProjects/The2.X/main.asm
                     main   0x000020    program     static /home/egemen/MPLABXProjects/The2.X/main.asm
                move_ball   0x000034    program     static /home/egemen/MPLABXProjects/The2.X/main.asm
           moving_to_left   0x000040    program     static /home/egemen/MPLABXProjects/The2.X/main.asm
                   left_a   0x00006a    program     static /home/egemen/MPLABXProjects/The2.X/main.asm
            a_first_bit_0   0x00007e    program     static /home/egemen/MPLABXProjects/The2.X/main.asm
              a_bit_00_11   0x000088    program     static /home/egemen/MPLABXProjects/The2.X/main.asm
                 a_bit_01   0x000098    program     static /home/egemen/MPLABXProjects/The2.X/main.asm
                 a_bit_10   0x0000ac    program     static /home/egemen/MPLABXProjects/The2.X/main.asm
                   left_b   0x0000c4    program     static /home/egemen/MPLABXProjects/The2.X/main.asm
            b_first_bit_0   0x0000d8    program     static /home/egemen/MPLABXProjects/The2.X/main.asm
              b_bit_00_11   0x0000e2    program     static /home/egemen/MPLABXProjects/The2.X/main.asm
                 b_bit_01   0x0000ea    program     static /home/egemen/MPLABXProjects/The2.X/main.asm
                 b_bit_10   0x0000fa    program     static /home/egemen/MPLABXProjects/The2.X/main.asm
                   left_c   0x00010a    program     static /home/egemen/MPLABXProjects/The2.X/main.asm
            c_first_bit_0   0x000120    program     static /home/egemen/MPLABXProjects/The2.X/main.asm
              c_bit_00_11   0x00012a    program     static /home/egemen/MPLABXProjects/The2.X/main.asm
                 c_bit_01   0x000132    program     static /home/egemen/MPLABXProjects/The2.X/main.asm
                 c_bit_10   0x000142    program     static /home/egemen/MPLABXProjects/The2.X/main.asm
                   left_d   0x000152    program     static /home/egemen/MPLABXProjects/The2.X/main.asm
            d_first_bit_0   0x000168    program     static /home/egemen/MPLABXProjects/The2.X/main.asm
              d_bit_00_11   0x000172    program     static /home/egemen/MPLABXProjects/The2.X/main.asm
                 d_bit_01   0x000176    program     static /home/egemen/MPLABXProjects/The2.X/main.asm
                 d_bit_10   0x000186    program     static /home/egemen/MPLABXProjects/The2.X/main.asm
                   left_e   0x000196    program     static /home/egemen/MPLABXProjects/The2.X/main.asm
            e_first_bit_0   0x0001ac    program     static /home/egemen/MPLABXProjects/The2.X/main.asm
              e_bit_00_11   0x0001b6    program     static /home/egemen/MPLABXProjects/The2.X/main.asm
                 e_bit_01   0x0001ba    program     static /home/egemen/MPLABXProjects/The2.X/main.asm
                 e_bit_10   0x0001ca    program     static /home/egemen/MPLABXProjects/The2.X/main.asm
          moving_to_right   0x0001da    program     static /home/egemen/MPLABXProjects/The2.X/main.asm
                  right_b   0x000204    program     static /home/egemen/MPLABXProjects/The2.X/main.asm
           rb_first_bit_0   0x000218    program     static /home/egemen/MPLABXProjects/The2.X/main.asm
             rb_bit_00_11   0x000222    program     static /home/egemen/MPLABXProjects/The2.X/main.asm
                rb_bit_01   0x00022a    program     static /home/egemen/MPLABXProjects/The2.X/main.asm
                rb_bit_10   0x00023a    program     static /home/egemen/MPLABXProjects/The2.X/main.asm
                  right_c   0x00024a    program     static /home/egemen/MPLABXProjects/The2.X/main.asm
           rc_first_bit_0   0x000260    program     static /home/egemen/MPLABXProjects/The2.X/main.asm
             rc_bit_00_11   0x00026a    program     static /home/egemen/MPLABXProjects/The2.X/main.asm
                rc_bit_01   0x000272    program     static /home/egemen/MPLABXProjects/The2.X/main.asm
                rc_bit_10   0x000282    program     static /home/egemen/MPLABXProjects/The2.X/main.asm
                  right_d   0x000292    program     static /home/egemen/MPLABXProjects/The2.X/main.asm
           rd_first_bit_0   0x0002a8    program     static /home/egemen/MPLABXProjects/The2.X/main.asm
             rd_bit_00_11   0x0002b2    program     static /home/egemen/MPLABXProjects/The2.X/main.asm
                rd_bit_01   0x0002ba    program     static /home/egemen/MPLABXProjects/The2.X/main.asm
                rd_bit_10   0x0002ca    program     static /home/egemen/MPLABXProjects/The2.X/main.asm
                  right_e   0x0002da    program     static /home/egemen/MPLABXProjects/The2.X/main.asm
           re_first_bit_0   0x0002f0    program     static /home/egemen/MPLABXProjects/The2.X/main.asm
             re_bit_00_11   0x0002fa    program     static /home/egemen/MPLABXProjects/The2.X/main.asm
                re_bit_01   0x000302    program     static /home/egemen/MPLABXProjects/The2.X/main.asm
                re_bit_10   0x000312    program     static /home/egemen/MPLABXProjects/The2.X/main.asm
                  right_f   0x000322    program     static /home/egemen/MPLABXProjects/The2.X/main.asm
           rf_first_bit_0   0x000338    program     static /home/egemen/MPLABXProjects/The2.X/main.asm
             rf_bit_00_11   0x000342    program     static /home/egemen/MPLABXProjects/The2.X/main.asm
                rf_bit_01   0x000352    program     static /home/egemen/MPLABXProjects/The2.X/main.asm
                rf_bit_10   0x000368    program     static /home/egemen/MPLABXProjects/The2.X/main.asm
                     _end   0x000380    program     static /home/egemen/MPLABXProjects/The2.X/main.asm
                 paddle_1   0x000382    program     static /home/egemen/MPLABXProjects/The2.X/main.asm
             RG1_released   0x000386    program     static /home/egemen/MPLABXProjects/The2.X/main.asm
              RG1_pressed   0x000390    program     static /home/egemen/MPLABXProjects/The2.X/main.asm
                  RG1_end   0x000396    program     static /home/egemen/MPLABXProjects/The2.X/main.asm
             RG0_released   0x00039a    program     static /home/egemen/MPLABXProjects/The2.X/main.asm
              RG0_pressed   0x0003a4    program     static /home/egemen/MPLABXProjects/The2.X/main.asm
                  RGA_end   0x0003aa    program     static /home/egemen/MPLABXProjects/The2.X/main.asm
        paddle_1_led_task   0x0003b0    program     static /home/egemen/MPLABXProjects/The2.X/main.asm
          move_paddle1_up   0x0003b6    program     static /home/egemen/MPLABXProjects/The2.X/main.asm
        move_paddle1_down   0x0003c2    program     static /home/egemen/MPLABXProjects/The2.X/main.asm
         move_paddle1_end   0x0003d0    program     static /home/egemen/MPLABXProjects/The2.X/main.asm
                 paddle_2   0x0003d6    program     static /home/egemen/MPLABXProjects/The2.X/main.asm
             RG3_released   0x0003da    program     static /home/egemen/MPLABXProjects/The2.X/main.asm
              RG3_pressed   0x0003e4    program     static /home/egemen/MPLABXProjects/The2.X/main.asm
                  RG3_end   0x0003ea    program     static /home/egemen/MPLABXProjects/The2.X/main.asm
             RG2_released   0x0003ee    program     static /home/egemen/MPLABXProjects/The2.X/main.asm
              RG2_pressed   0x0003f8    program     static /home/egemen/MPLABXProjects/The2.X/main.asm
                  RGF_end   0x0003fe    program     static /home/egemen/MPLABXProjects/The2.X/main.asm
        paddle_2_led_task   0x000404    program     static /home/egemen/MPLABXProjects/The2.X/main.asm
          move_paddle2_up   0x00040a    program     static /home/egemen/MPLABXProjects/The2.X/main.asm
        move_paddle2_down   0x000416    program     static /home/egemen/MPLABXProjects/The2.X/main.asm
         move_paddle2_end   0x000424    program     static /home/egemen/MPLABXProjects/The2.X/main.asm
             right_scored   0x00042a    program     static /home/egemen/MPLABXProjects/The2.X/main.asm
              left_scored   0x000430    program     static /home/egemen/MPLABXProjects/The2.X/main.asm
                  display   0x000436    program     static /home/egemen/MPLABXProjects/The2.X/main.asm
              right_goals   0x000436    program     static /home/egemen/MPLABXProjects/The2.X/main.asm
               left_goals   0x000448    program     static /home/egemen/MPLABXProjects/The2.X/main.asm
              display_end   0x00045a    program     static /home/egemen/MPLABXProjects/The2.X/main.asm
                     INIT   0x00045c    program     static /home/egemen/MPLABXProjects/The2.X/main.asm
                    TABLE   0x0004b4    program     static /home/egemen/MPLABXProjects/The2.X/main.asm
                   s_1_up   0x000000       data     static /home/egemen/MPLABXProjects/The2.X/main.asm
                 s_1_down   0x000001       data     static /home/egemen/MPLABXProjects/The2.X/main.asm
                   s_2_up   0x000002       data     static /home/egemen/MPLABXProjects/The2.X/main.asm
                 s_2_down   0x000003       data     static /home/egemen/MPLABXProjects/The2.X/main.asm
                move_up_1   0x000004       data     static /home/egemen/MPLABXProjects/The2.X/main.asm
              move_down_1   0x000005       data     static /home/egemen/MPLABXProjects/The2.X/main.asm
                move_up_2   0x000006       data     static /home/egemen/MPLABXProjects/The2.X/main.asm
              move_down_2   0x000007       data     static /home/egemen/MPLABXProjects/The2.X/main.asm
                  counter   0x000008       data     static /home/egemen/MPLABXProjects/The2.X/main.asm
               Yok_olan46   0x000009       data     static /home/egemen/MPLABXProjects/The2.X/main.asm
           move_ball_flag   0x00000a       data     static /home/egemen/MPLABXProjects/The2.X/main.asm
                direction   0x00000b       data     static /home/egemen/MPLABXProjects/The2.X/main.asm
              column_ball   0x00000c       data     static /home/egemen/MPLABXProjects/The2.X/main.asm
                      row   0x00000d       data     static /home/egemen/MPLABXProjects/The2.X/main.asm
               left_score   0x00000e       data     static /home/egemen/MPLABXProjects/The2.X/main.asm
          left_score_flag   0x00000f       data     static /home/egemen/MPLABXProjects/The2.X/main.asm
              right_score   0x000010       data     static /home/egemen/MPLABXProjects/The2.X/main.asm
         right_score_flag   0x000011       data     static /home/egemen/MPLABXProjects/The2.X/main.asm


