MPLINK 5.07, LINKER
Linker Map File - Created Fri Apr  6 15:03:59 2018

                                 Section Info
                  Section       Type    Address   Location Size(Bytes)
                ---------  ---------  ---------  ---------  ---------
                 RES_VECT       code   0x000000    program   0x000004
                   .cinit    romdata   0x000004    program   0x000002
                   .org_0       code   0x000008    program   0x000452
               .udata_acs      udata   0x000000       data   0x000010



                              Program Memory Usage 
                               Start         End      
                           ---------   ---------      
                            0x000000    0x000005      
                            0x000008    0x000459      
            1112 out of 132120 program addresses used, program memory utilization is 0%



                              Symbols - Sorted by Name
                     Name    Address   Location    Storage File                     
                ---------  ---------  ---------  --------- ---------                
                 HIGH_ISR   0x00000c    program     static /home/bs06/e2099018/Desktop/3-2/336/Introduction-to-the-Embedded-Systems/The2.X/main.asm
                     INIT   0x000422    program     static /home/bs06/e2099018/Desktop/3-2/336/Introduction-to-the-Embedded-Systems/The2.X/main.asm
              RG0_pressed   0x00039c    program     static /home/bs06/e2099018/Desktop/3-2/336/Introduction-to-the-Embedded-Systems/The2.X/main.asm
             RG0_released   0x000392    program     static /home/bs06/e2099018/Desktop/3-2/336/Introduction-to-the-Embedded-Systems/The2.X/main.asm
                  RG1_end   0x00038e    program     static /home/bs06/e2099018/Desktop/3-2/336/Introduction-to-the-Embedded-Systems/The2.X/main.asm
              RG1_pressed   0x000388    program     static /home/bs06/e2099018/Desktop/3-2/336/Introduction-to-the-Embedded-Systems/The2.X/main.asm
             RG1_released   0x00037e    program     static /home/bs06/e2099018/Desktop/3-2/336/Introduction-to-the-Embedded-Systems/The2.X/main.asm
              RG2_pressed   0x0003f0    program     static /home/bs06/e2099018/Desktop/3-2/336/Introduction-to-the-Embedded-Systems/The2.X/main.asm
             RG2_released   0x0003e6    program     static /home/bs06/e2099018/Desktop/3-2/336/Introduction-to-the-Embedded-Systems/The2.X/main.asm
                  RG3_end   0x0003e2    program     static /home/bs06/e2099018/Desktop/3-2/336/Introduction-to-the-Embedded-Systems/The2.X/main.asm
              RG3_pressed   0x0003dc    program     static /home/bs06/e2099018/Desktop/3-2/336/Introduction-to-the-Embedded-Systems/The2.X/main.asm
             RG3_released   0x0003d2    program     static /home/bs06/e2099018/Desktop/3-2/336/Introduction-to-the-Embedded-Systems/The2.X/main.asm
                  RGA_end   0x0003a2    program     static /home/bs06/e2099018/Desktop/3-2/336/Introduction-to-the-Embedded-Systems/The2.X/main.asm
                  RGF_end   0x0003f6    program     static /home/bs06/e2099018/Desktop/3-2/336/Introduction-to-the-Embedded-Systems/The2.X/main.asm
                    START   0x00001c    program     static /home/bs06/e2099018/Desktop/3-2/336/Introduction-to-the-Embedded-Systems/The2.X/main.asm
              a_bit_00_11   0x000088    program     static /home/bs06/e2099018/Desktop/3-2/336/Introduction-to-the-Embedded-Systems/The2.X/main.asm
                 a_bit_01   0x000098    program     static /home/bs06/e2099018/Desktop/3-2/336/Introduction-to-the-Embedded-Systems/The2.X/main.asm
                 a_bit_10   0x0000ac    program     static /home/bs06/e2099018/Desktop/3-2/336/Introduction-to-the-Embedded-Systems/The2.X/main.asm
            a_first_bit_0   0x00007e    program     static /home/bs06/e2099018/Desktop/3-2/336/Introduction-to-the-Embedded-Systems/The2.X/main.asm
              b_bit_00_11   0x0000e2    program     static /home/bs06/e2099018/Desktop/3-2/336/Introduction-to-the-Embedded-Systems/The2.X/main.asm
                 b_bit_01   0x0000ea    program     static /home/bs06/e2099018/Desktop/3-2/336/Introduction-to-the-Embedded-Systems/The2.X/main.asm
                 b_bit_10   0x0000fa    program     static /home/bs06/e2099018/Desktop/3-2/336/Introduction-to-the-Embedded-Systems/The2.X/main.asm
            b_first_bit_0   0x0000d8    program     static /home/bs06/e2099018/Desktop/3-2/336/Introduction-to-the-Embedded-Systems/The2.X/main.asm
              c_bit_00_11   0x00012c    program     static /home/bs06/e2099018/Desktop/3-2/336/Introduction-to-the-Embedded-Systems/The2.X/main.asm
                 c_bit_01   0x000134    program     static /home/bs06/e2099018/Desktop/3-2/336/Introduction-to-the-Embedded-Systems/The2.X/main.asm
                 c_bit_10   0x000144    program     static /home/bs06/e2099018/Desktop/3-2/336/Introduction-to-the-Embedded-Systems/The2.X/main.asm
            c_first_bit_0   0x000122    program     static /home/bs06/e2099018/Desktop/3-2/336/Introduction-to-the-Embedded-Systems/The2.X/main.asm
              d_bit_00_11   0x000176    program     static /home/bs06/e2099018/Desktop/3-2/336/Introduction-to-the-Embedded-Systems/The2.X/main.asm
                 d_bit_01   0x00017a    program     static /home/bs06/e2099018/Desktop/3-2/336/Introduction-to-the-Embedded-Systems/The2.X/main.asm
                 d_bit_10   0x00018a    program     static /home/bs06/e2099018/Desktop/3-2/336/Introduction-to-the-Embedded-Systems/The2.X/main.asm
            d_first_bit_0   0x00016c    program     static /home/bs06/e2099018/Desktop/3-2/336/Introduction-to-the-Embedded-Systems/The2.X/main.asm
                  display   0x00037a    program     static /home/bs06/e2099018/Desktop/3-2/336/Introduction-to-the-Embedded-Systems/The2.X/main.asm
              e_bit_00_11   0x0001bc    program     static /home/bs06/e2099018/Desktop/3-2/336/Introduction-to-the-Embedded-Systems/The2.X/main.asm
                 e_bit_01   0x0001c0    program     static /home/bs06/e2099018/Desktop/3-2/336/Introduction-to-the-Embedded-Systems/The2.X/main.asm
                 e_bit_10   0x0001d0    program     static /home/bs06/e2099018/Desktop/3-2/336/Introduction-to-the-Embedded-Systems/The2.X/main.asm
            e_first_bit_0   0x0001b2    program     static /home/bs06/e2099018/Desktop/3-2/336/Introduction-to-the-Embedded-Systems/The2.X/main.asm
                   left_a   0x00006a    program     static /home/bs06/e2099018/Desktop/3-2/336/Introduction-to-the-Embedded-Systems/The2.X/main.asm
                   left_b   0x0000c4    program     static /home/bs06/e2099018/Desktop/3-2/336/Introduction-to-the-Embedded-Systems/The2.X/main.asm
                   left_c   0x00010c    program     static /home/bs06/e2099018/Desktop/3-2/336/Introduction-to-the-Embedded-Systems/The2.X/main.asm
                   left_d   0x000156    program     static /home/bs06/e2099018/Desktop/3-2/336/Introduction-to-the-Embedded-Systems/The2.X/main.asm
                   left_e   0x00019c    program     static /home/bs06/e2099018/Desktop/3-2/336/Introduction-to-the-Embedded-Systems/The2.X/main.asm
                 left_end   0x000378    program     static /home/bs06/e2099018/Desktop/3-2/336/Introduction-to-the-Embedded-Systems/The2.X/main.asm
              left_scored   0x000422    program     static /home/bs06/e2099018/Desktop/3-2/336/Introduction-to-the-Embedded-Systems/The2.X/main.asm
                     main   0x000020    program     static /home/bs06/e2099018/Desktop/3-2/336/Introduction-to-the-Embedded-Systems/The2.X/main.asm
                move_ball   0x000034    program     static /home/bs06/e2099018/Desktop/3-2/336/Introduction-to-the-Embedded-Systems/The2.X/main.asm
        move_paddle1_down   0x0003ba    program     static /home/bs06/e2099018/Desktop/3-2/336/Introduction-to-the-Embedded-Systems/The2.X/main.asm
         move_paddle1_end   0x0003c8    program     static /home/bs06/e2099018/Desktop/3-2/336/Introduction-to-the-Embedded-Systems/The2.X/main.asm
          move_paddle1_up   0x0003ae    program     static /home/bs06/e2099018/Desktop/3-2/336/Introduction-to-the-Embedded-Systems/The2.X/main.asm
        move_paddle2_down   0x00040e    program     static /home/bs06/e2099018/Desktop/3-2/336/Introduction-to-the-Embedded-Systems/The2.X/main.asm
         move_paddle2_end   0x00041c    program     static /home/bs06/e2099018/Desktop/3-2/336/Introduction-to-the-Embedded-Systems/The2.X/main.asm
          move_paddle2_up   0x000402    program     static /home/bs06/e2099018/Desktop/3-2/336/Introduction-to-the-Embedded-Systems/The2.X/main.asm
           moving_to_left   0x000040    program     static /home/bs06/e2099018/Desktop/3-2/336/Introduction-to-the-Embedded-Systems/The2.X/main.asm
          moving_to_right   0x0001e2    program     static /home/bs06/e2099018/Desktop/3-2/336/Introduction-to-the-Embedded-Systems/The2.X/main.asm
                 paddle_1   0x00037a    program     static /home/bs06/e2099018/Desktop/3-2/336/Introduction-to-the-Embedded-Systems/The2.X/main.asm
        paddle_1_led_task   0x0003a8    program     static /home/bs06/e2099018/Desktop/3-2/336/Introduction-to-the-Embedded-Systems/The2.X/main.asm
                 paddle_2   0x0003ce    program     static /home/bs06/e2099018/Desktop/3-2/336/Introduction-to-the-Embedded-Systems/The2.X/main.asm
        paddle_2_led_task   0x0003fc    program     static /home/bs06/e2099018/Desktop/3-2/336/Introduction-to-the-Embedded-Systems/The2.X/main.asm
             rb_bit_00_11   0x00022a    program     static /home/bs06/e2099018/Desktop/3-2/336/Introduction-to-the-Embedded-Systems/The2.X/main.asm
                rb_bit_01   0x00022e    program     static /home/bs06/e2099018/Desktop/3-2/336/Introduction-to-the-Embedded-Systems/The2.X/main.asm
                rb_bit_10   0x00023e    program     static /home/bs06/e2099018/Desktop/3-2/336/Introduction-to-the-Embedded-Systems/The2.X/main.asm
           rb_first_bit_0   0x000220    program     static /home/bs06/e2099018/Desktop/3-2/336/Introduction-to-the-Embedded-Systems/The2.X/main.asm
             rc_bit_00_11   0x00026e    program     static /home/bs06/e2099018/Desktop/3-2/336/Introduction-to-the-Embedded-Systems/The2.X/main.asm
                rc_bit_01   0x000272    program     static /home/bs06/e2099018/Desktop/3-2/336/Introduction-to-the-Embedded-Systems/The2.X/main.asm
                rc_bit_10   0x000282    program     static /home/bs06/e2099018/Desktop/3-2/336/Introduction-to-the-Embedded-Systems/The2.X/main.asm
           rc_first_bit_0   0x000264    program     static /home/bs06/e2099018/Desktop/3-2/336/Introduction-to-the-Embedded-Systems/The2.X/main.asm
             rd_bit_00_11   0x0002b2    program     static /home/bs06/e2099018/Desktop/3-2/336/Introduction-to-the-Embedded-Systems/The2.X/main.asm
                rd_bit_01   0x0002b6    program     static /home/bs06/e2099018/Desktop/3-2/336/Introduction-to-the-Embedded-Systems/The2.X/main.asm
                rd_bit_10   0x0002c6    program     static /home/bs06/e2099018/Desktop/3-2/336/Introduction-to-the-Embedded-Systems/The2.X/main.asm
           rd_first_bit_0   0x0002a8    program     static /home/bs06/e2099018/Desktop/3-2/336/Introduction-to-the-Embedded-Systems/The2.X/main.asm
             re_bit_00_11   0x0002f6    program     static /home/bs06/e2099018/Desktop/3-2/336/Introduction-to-the-Embedded-Systems/The2.X/main.asm
                re_bit_01   0x0002fa    program     static /home/bs06/e2099018/Desktop/3-2/336/Introduction-to-the-Embedded-Systems/The2.X/main.asm
                re_bit_10   0x00030a    program     static /home/bs06/e2099018/Desktop/3-2/336/Introduction-to-the-Embedded-Systems/The2.X/main.asm
           re_first_bit_0   0x0002ec    program     static /home/bs06/e2099018/Desktop/3-2/336/Introduction-to-the-Embedded-Systems/The2.X/main.asm
             rf_bit_00_11   0x00033a    program     static /home/bs06/e2099018/Desktop/3-2/336/Introduction-to-the-Embedded-Systems/The2.X/main.asm
                rf_bit_01   0x00034a    program     static /home/bs06/e2099018/Desktop/3-2/336/Introduction-to-the-Embedded-Systems/The2.X/main.asm
                rf_bit_10   0x000360    program     static /home/bs06/e2099018/Desktop/3-2/336/Introduction-to-the-Embedded-Systems/The2.X/main.asm
           rf_first_bit_0   0x000330    program     static /home/bs06/e2099018/Desktop/3-2/336/Introduction-to-the-Embedded-Systems/The2.X/main.asm
                  right_b   0x00020c    program     static /home/bs06/e2099018/Desktop/3-2/336/Introduction-to-the-Embedded-Systems/The2.X/main.asm
                  right_c   0x000250    program     static /home/bs06/e2099018/Desktop/3-2/336/Introduction-to-the-Embedded-Systems/The2.X/main.asm
                  right_d   0x000294    program     static /home/bs06/e2099018/Desktop/3-2/336/Introduction-to-the-Embedded-Systems/The2.X/main.asm
                  right_e   0x0002d8    program     static /home/bs06/e2099018/Desktop/3-2/336/Introduction-to-the-Embedded-Systems/The2.X/main.asm
                  right_f   0x00031c    program     static /home/bs06/e2099018/Desktop/3-2/336/Introduction-to-the-Embedded-Systems/The2.X/main.asm
             right_scored   0x000422    program     static /home/bs06/e2099018/Desktop/3-2/336/Introduction-to-the-Embedded-Systems/The2.X/main.asm
               Yok_olan46   0x000009       data     static /home/bs06/e2099018/Desktop/3-2/336/Introduction-to-the-Embedded-Systems/The2.X/main.asm
              column_ball   0x00000c       data     static /home/bs06/e2099018/Desktop/3-2/336/Introduction-to-the-Embedded-Systems/The2.X/main.asm
                  counter   0x000008       data     static /home/bs06/e2099018/Desktop/3-2/336/Introduction-to-the-Embedded-Systems/The2.X/main.asm
                direction   0x00000b       data     static /home/bs06/e2099018/Desktop/3-2/336/Introduction-to-the-Embedded-Systems/The2.X/main.asm
               left_score   0x00000e       data     static /home/bs06/e2099018/Desktop/3-2/336/Introduction-to-the-Embedded-Systems/The2.X/main.asm
           move_ball_flag   0x00000a       data     static /home/bs06/e2099018/Desktop/3-2/336/Introduction-to-the-Embedded-Systems/The2.X/main.asm
              move_down_1   0x000005       data     static /home/bs06/e2099018/Desktop/3-2/336/Introduction-to-the-Embedded-Systems/The2.X/main.asm
              move_down_2   0x000007       data     static /home/bs06/e2099018/Desktop/3-2/336/Introduction-to-the-Embedded-Systems/The2.X/main.asm
                move_up_1   0x000004       data     static /home/bs06/e2099018/Desktop/3-2/336/Introduction-to-the-Embedded-Systems/The2.X/main.asm
                move_up_2   0x000006       data     static /home/bs06/e2099018/Desktop/3-2/336/Introduction-to-the-Embedded-Systems/The2.X/main.asm
              right_score   0x00000f       data     static /home/bs06/e2099018/Desktop/3-2/336/Introduction-to-the-Embedded-Systems/The2.X/main.asm
                      row   0x00000d       data     static /home/bs06/e2099018/Desktop/3-2/336/Introduction-to-the-Embedded-Systems/The2.X/main.asm
                 s_1_down   0x000001       data     static /home/bs06/e2099018/Desktop/3-2/336/Introduction-to-the-Embedded-Systems/The2.X/main.asm
                   s_1_up   0x000000       data     static /home/bs06/e2099018/Desktop/3-2/336/Introduction-to-the-Embedded-Systems/The2.X/main.asm
                 s_2_down   0x000003       data     static /home/bs06/e2099018/Desktop/3-2/336/Introduction-to-the-Embedded-Systems/The2.X/main.asm
                   s_2_up   0x000002       data     static /home/bs06/e2099018/Desktop/3-2/336/Introduction-to-the-Embedded-Systems/The2.X/main.asm



                              Symbols - Sorted by Address
                     Name    Address   Location    Storage File                     
                ---------  ---------  ---------  --------- ---------                
                 HIGH_ISR   0x00000c    program     static /home/bs06/e2099018/Desktop/3-2/336/Introduction-to-the-Embedded-Systems/The2.X/main.asm
                    START   0x00001c    program     static /home/bs06/e2099018/Desktop/3-2/336/Introduction-to-the-Embedded-Systems/The2.X/main.asm
                     main   0x000020    program     static /home/bs06/e2099018/Desktop/3-2/336/Introduction-to-the-Embedded-Systems/The2.X/main.asm
                move_ball   0x000034    program     static /home/bs06/e2099018/Desktop/3-2/336/Introduction-to-the-Embedded-Systems/The2.X/main.asm
           moving_to_left   0x000040    program     static /home/bs06/e2099018/Desktop/3-2/336/Introduction-to-the-Embedded-Systems/The2.X/main.asm
                   left_a   0x00006a    program     static /home/bs06/e2099018/Desktop/3-2/336/Introduction-to-the-Embedded-Systems/The2.X/main.asm
            a_first_bit_0   0x00007e    program     static /home/bs06/e2099018/Desktop/3-2/336/Introduction-to-the-Embedded-Systems/The2.X/main.asm
              a_bit_00_11   0x000088    program     static /home/bs06/e2099018/Desktop/3-2/336/Introduction-to-the-Embedded-Systems/The2.X/main.asm
                 a_bit_01   0x000098    program     static /home/bs06/e2099018/Desktop/3-2/336/Introduction-to-the-Embedded-Systems/The2.X/main.asm
                 a_bit_10   0x0000ac    program     static /home/bs06/e2099018/Desktop/3-2/336/Introduction-to-the-Embedded-Systems/The2.X/main.asm
                   left_b   0x0000c4    program     static /home/bs06/e2099018/Desktop/3-2/336/Introduction-to-the-Embedded-Systems/The2.X/main.asm
            b_first_bit_0   0x0000d8    program     static /home/bs06/e2099018/Desktop/3-2/336/Introduction-to-the-Embedded-Systems/The2.X/main.asm
              b_bit_00_11   0x0000e2    program     static /home/bs06/e2099018/Desktop/3-2/336/Introduction-to-the-Embedded-Systems/The2.X/main.asm
                 b_bit_01   0x0000ea    program     static /home/bs06/e2099018/Desktop/3-2/336/Introduction-to-the-Embedded-Systems/The2.X/main.asm
                 b_bit_10   0x0000fa    program     static /home/bs06/e2099018/Desktop/3-2/336/Introduction-to-the-Embedded-Systems/The2.X/main.asm
                   left_c   0x00010c    program     static /home/bs06/e2099018/Desktop/3-2/336/Introduction-to-the-Embedded-Systems/The2.X/main.asm
            c_first_bit_0   0x000122    program     static /home/bs06/e2099018/Desktop/3-2/336/Introduction-to-the-Embedded-Systems/The2.X/main.asm
              c_bit_00_11   0x00012c    program     static /home/bs06/e2099018/Desktop/3-2/336/Introduction-to-the-Embedded-Systems/The2.X/main.asm
                 c_bit_01   0x000134    program     static /home/bs06/e2099018/Desktop/3-2/336/Introduction-to-the-Embedded-Systems/The2.X/main.asm
                 c_bit_10   0x000144    program     static /home/bs06/e2099018/Desktop/3-2/336/Introduction-to-the-Embedded-Systems/The2.X/main.asm
                   left_d   0x000156    program     static /home/bs06/e2099018/Desktop/3-2/336/Introduction-to-the-Embedded-Systems/The2.X/main.asm
            d_first_bit_0   0x00016c    program     static /home/bs06/e2099018/Desktop/3-2/336/Introduction-to-the-Embedded-Systems/The2.X/main.asm
              d_bit_00_11   0x000176    program     static /home/bs06/e2099018/Desktop/3-2/336/Introduction-to-the-Embedded-Systems/The2.X/main.asm
                 d_bit_01   0x00017a    program     static /home/bs06/e2099018/Desktop/3-2/336/Introduction-to-the-Embedded-Systems/The2.X/main.asm
                 d_bit_10   0x00018a    program     static /home/bs06/e2099018/Desktop/3-2/336/Introduction-to-the-Embedded-Systems/The2.X/main.asm
                   left_e   0x00019c    program     static /home/bs06/e2099018/Desktop/3-2/336/Introduction-to-the-Embedded-Systems/The2.X/main.asm
            e_first_bit_0   0x0001b2    program     static /home/bs06/e2099018/Desktop/3-2/336/Introduction-to-the-Embedded-Systems/The2.X/main.asm
              e_bit_00_11   0x0001bc    program     static /home/bs06/e2099018/Desktop/3-2/336/Introduction-to-the-Embedded-Systems/The2.X/main.asm
                 e_bit_01   0x0001c0    program     static /home/bs06/e2099018/Desktop/3-2/336/Introduction-to-the-Embedded-Systems/The2.X/main.asm
                 e_bit_10   0x0001d0    program     static /home/bs06/e2099018/Desktop/3-2/336/Introduction-to-the-Embedded-Systems/The2.X/main.asm
          moving_to_right   0x0001e2    program     static /home/bs06/e2099018/Desktop/3-2/336/Introduction-to-the-Embedded-Systems/The2.X/main.asm
                  right_b   0x00020c    program     static /home/bs06/e2099018/Desktop/3-2/336/Introduction-to-the-Embedded-Systems/The2.X/main.asm
           rb_first_bit_0   0x000220    program     static /home/bs06/e2099018/Desktop/3-2/336/Introduction-to-the-Embedded-Systems/The2.X/main.asm
             rb_bit_00_11   0x00022a    program     static /home/bs06/e2099018/Desktop/3-2/336/Introduction-to-the-Embedded-Systems/The2.X/main.asm
                rb_bit_01   0x00022e    program     static /home/bs06/e2099018/Desktop/3-2/336/Introduction-to-the-Embedded-Systems/The2.X/main.asm
                rb_bit_10   0x00023e    program     static /home/bs06/e2099018/Desktop/3-2/336/Introduction-to-the-Embedded-Systems/The2.X/main.asm
                  right_c   0x000250    program     static /home/bs06/e2099018/Desktop/3-2/336/Introduction-to-the-Embedded-Systems/The2.X/main.asm
           rc_first_bit_0   0x000264    program     static /home/bs06/e2099018/Desktop/3-2/336/Introduction-to-the-Embedded-Systems/The2.X/main.asm
             rc_bit_00_11   0x00026e    program     static /home/bs06/e2099018/Desktop/3-2/336/Introduction-to-the-Embedded-Systems/The2.X/main.asm
                rc_bit_01   0x000272    program     static /home/bs06/e2099018/Desktop/3-2/336/Introduction-to-the-Embedded-Systems/The2.X/main.asm
                rc_bit_10   0x000282    program     static /home/bs06/e2099018/Desktop/3-2/336/Introduction-to-the-Embedded-Systems/The2.X/main.asm
                  right_d   0x000294    program     static /home/bs06/e2099018/Desktop/3-2/336/Introduction-to-the-Embedded-Systems/The2.X/main.asm
           rd_first_bit_0   0x0002a8    program     static /home/bs06/e2099018/Desktop/3-2/336/Introduction-to-the-Embedded-Systems/The2.X/main.asm
             rd_bit_00_11   0x0002b2    program     static /home/bs06/e2099018/Desktop/3-2/336/Introduction-to-the-Embedded-Systems/The2.X/main.asm
                rd_bit_01   0x0002b6    program     static /home/bs06/e2099018/Desktop/3-2/336/Introduction-to-the-Embedded-Systems/The2.X/main.asm
                rd_bit_10   0x0002c6    program     static /home/bs06/e2099018/Desktop/3-2/336/Introduction-to-the-Embedded-Systems/The2.X/main.asm
                  right_e   0x0002d8    program     static /home/bs06/e2099018/Desktop/3-2/336/Introduction-to-the-Embedded-Systems/The2.X/main.asm
           re_first_bit_0   0x0002ec    program     static /home/bs06/e2099018/Desktop/3-2/336/Introduction-to-the-Embedded-Systems/The2.X/main.asm
             re_bit_00_11   0x0002f6    program     static /home/bs06/e2099018/Desktop/3-2/336/Introduction-to-the-Embedded-Systems/The2.X/main.asm
                re_bit_01   0x0002fa    program     static /home/bs06/e2099018/Desktop/3-2/336/Introduction-to-the-Embedded-Systems/The2.X/main.asm
                re_bit_10   0x00030a    program     static /home/bs06/e2099018/Desktop/3-2/336/Introduction-to-the-Embedded-Systems/The2.X/main.asm
                  right_f   0x00031c    program     static /home/bs06/e2099018/Desktop/3-2/336/Introduction-to-the-Embedded-Systems/The2.X/main.asm
           rf_first_bit_0   0x000330    program     static /home/bs06/e2099018/Desktop/3-2/336/Introduction-to-the-Embedded-Systems/The2.X/main.asm
             rf_bit_00_11   0x00033a    program     static /home/bs06/e2099018/Desktop/3-2/336/Introduction-to-the-Embedded-Systems/The2.X/main.asm
                rf_bit_01   0x00034a    program     static /home/bs06/e2099018/Desktop/3-2/336/Introduction-to-the-Embedded-Systems/The2.X/main.asm
                rf_bit_10   0x000360    program     static /home/bs06/e2099018/Desktop/3-2/336/Introduction-to-the-Embedded-Systems/The2.X/main.asm
                 left_end   0x000378    program     static /home/bs06/e2099018/Desktop/3-2/336/Introduction-to-the-Embedded-Systems/The2.X/main.asm
                  display   0x00037a    program     static /home/bs06/e2099018/Desktop/3-2/336/Introduction-to-the-Embedded-Systems/The2.X/main.asm
                 paddle_1   0x00037a    program     static /home/bs06/e2099018/Desktop/3-2/336/Introduction-to-the-Embedded-Systems/The2.X/main.asm
             RG1_released   0x00037e    program     static /home/bs06/e2099018/Desktop/3-2/336/Introduction-to-the-Embedded-Systems/The2.X/main.asm
              RG1_pressed   0x000388    program     static /home/bs06/e2099018/Desktop/3-2/336/Introduction-to-the-Embedded-Systems/The2.X/main.asm
                  RG1_end   0x00038e    program     static /home/bs06/e2099018/Desktop/3-2/336/Introduction-to-the-Embedded-Systems/The2.X/main.asm
             RG0_released   0x000392    program     static /home/bs06/e2099018/Desktop/3-2/336/Introduction-to-the-Embedded-Systems/The2.X/main.asm
              RG0_pressed   0x00039c    program     static /home/bs06/e2099018/Desktop/3-2/336/Introduction-to-the-Embedded-Systems/The2.X/main.asm
                  RGA_end   0x0003a2    program     static /home/bs06/e2099018/Desktop/3-2/336/Introduction-to-the-Embedded-Systems/The2.X/main.asm
        paddle_1_led_task   0x0003a8    program     static /home/bs06/e2099018/Desktop/3-2/336/Introduction-to-the-Embedded-Systems/The2.X/main.asm
          move_paddle1_up   0x0003ae    program     static /home/bs06/e2099018/Desktop/3-2/336/Introduction-to-the-Embedded-Systems/The2.X/main.asm
        move_paddle1_down   0x0003ba    program     static /home/bs06/e2099018/Desktop/3-2/336/Introduction-to-the-Embedded-Systems/The2.X/main.asm
         move_paddle1_end   0x0003c8    program     static /home/bs06/e2099018/Desktop/3-2/336/Introduction-to-the-Embedded-Systems/The2.X/main.asm
                 paddle_2   0x0003ce    program     static /home/bs06/e2099018/Desktop/3-2/336/Introduction-to-the-Embedded-Systems/The2.X/main.asm
             RG3_released   0x0003d2    program     static /home/bs06/e2099018/Desktop/3-2/336/Introduction-to-the-Embedded-Systems/The2.X/main.asm
              RG3_pressed   0x0003dc    program     static /home/bs06/e2099018/Desktop/3-2/336/Introduction-to-the-Embedded-Systems/The2.X/main.asm
                  RG3_end   0x0003e2    program     static /home/bs06/e2099018/Desktop/3-2/336/Introduction-to-the-Embedded-Systems/The2.X/main.asm
             RG2_released   0x0003e6    program     static /home/bs06/e2099018/Desktop/3-2/336/Introduction-to-the-Embedded-Systems/The2.X/main.asm
              RG2_pressed   0x0003f0    program     static /home/bs06/e2099018/Desktop/3-2/336/Introduction-to-the-Embedded-Systems/The2.X/main.asm
                  RGF_end   0x0003f6    program     static /home/bs06/e2099018/Desktop/3-2/336/Introduction-to-the-Embedded-Systems/The2.X/main.asm
        paddle_2_led_task   0x0003fc    program     static /home/bs06/e2099018/Desktop/3-2/336/Introduction-to-the-Embedded-Systems/The2.X/main.asm
          move_paddle2_up   0x000402    program     static /home/bs06/e2099018/Desktop/3-2/336/Introduction-to-the-Embedded-Systems/The2.X/main.asm
        move_paddle2_down   0x00040e    program     static /home/bs06/e2099018/Desktop/3-2/336/Introduction-to-the-Embedded-Systems/The2.X/main.asm
         move_paddle2_end   0x00041c    program     static /home/bs06/e2099018/Desktop/3-2/336/Introduction-to-the-Embedded-Systems/The2.X/main.asm
              left_scored   0x000422    program     static /home/bs06/e2099018/Desktop/3-2/336/Introduction-to-the-Embedded-Systems/The2.X/main.asm
                     INIT   0x000422    program     static /home/bs06/e2099018/Desktop/3-2/336/Introduction-to-the-Embedded-Systems/The2.X/main.asm
             right_scored   0x000422    program     static /home/bs06/e2099018/Desktop/3-2/336/Introduction-to-the-Embedded-Systems/The2.X/main.asm
                   s_1_up   0x000000       data     static /home/bs06/e2099018/Desktop/3-2/336/Introduction-to-the-Embedded-Systems/The2.X/main.asm
                 s_1_down   0x000001       data     static /home/bs06/e2099018/Desktop/3-2/336/Introduction-to-the-Embedded-Systems/The2.X/main.asm
                   s_2_up   0x000002       data     static /home/bs06/e2099018/Desktop/3-2/336/Introduction-to-the-Embedded-Systems/The2.X/main.asm
                 s_2_down   0x000003       data     static /home/bs06/e2099018/Desktop/3-2/336/Introduction-to-the-Embedded-Systems/The2.X/main.asm
                move_up_1   0x000004       data     static /home/bs06/e2099018/Desktop/3-2/336/Introduction-to-the-Embedded-Systems/The2.X/main.asm
              move_down_1   0x000005       data     static /home/bs06/e2099018/Desktop/3-2/336/Introduction-to-the-Embedded-Systems/The2.X/main.asm
                move_up_2   0x000006       data     static /home/bs06/e2099018/Desktop/3-2/336/Introduction-to-the-Embedded-Systems/The2.X/main.asm
              move_down_2   0x000007       data     static /home/bs06/e2099018/Desktop/3-2/336/Introduction-to-the-Embedded-Systems/The2.X/main.asm
                  counter   0x000008       data     static /home/bs06/e2099018/Desktop/3-2/336/Introduction-to-the-Embedded-Systems/The2.X/main.asm
               Yok_olan46   0x000009       data     static /home/bs06/e2099018/Desktop/3-2/336/Introduction-to-the-Embedded-Systems/The2.X/main.asm
           move_ball_flag   0x00000a       data     static /home/bs06/e2099018/Desktop/3-2/336/Introduction-to-the-Embedded-Systems/The2.X/main.asm
                direction   0x00000b       data     static /home/bs06/e2099018/Desktop/3-2/336/Introduction-to-the-Embedded-Systems/The2.X/main.asm
              column_ball   0x00000c       data     static /home/bs06/e2099018/Desktop/3-2/336/Introduction-to-the-Embedded-Systems/The2.X/main.asm
                      row   0x00000d       data     static /home/bs06/e2099018/Desktop/3-2/336/Introduction-to-the-Embedded-Systems/The2.X/main.asm
               left_score   0x00000e       data     static /home/bs06/e2099018/Desktop/3-2/336/Introduction-to-the-Embedded-Systems/The2.X/main.asm
              right_score   0x00000f       data     static /home/bs06/e2099018/Desktop/3-2/336/Introduction-to-the-Embedded-Systems/The2.X/main.asm


