MPLINK 5.08, LINKER
Linker Map File - Created Sat Apr  7 21:07:24 2018

                                 Section Info
                  Section       Type    Address   Location Size(Bytes)
                ---------  ---------  ---------  ---------  ---------
                 RES_VECT       code   0x000000    program   0x000004
                   .cinit    romdata   0x000004    program   0x000002
                   .org_0       code   0x000008    program   0x000004
                   .org_1       code   0x000018    program   0x00052a
.config_300001_BUILD/DEFAULT/PRODUCTION/MAIN.O    romdata   0x300001    program   0x000001
.config_300002_BUILD/DEFAULT/PRODUCTION/MAIN.O    romdata   0x300002    program   0x000001
.config_300003_BUILD/DEFAULT/PRODUCTION/MAIN.O    romdata   0x300003    program   0x000001
.config_300004_BUILD/DEFAULT/PRODUCTION/MAIN.O    romdata   0x300004    program   0x000001
.config_300005_BUILD/DEFAULT/PRODUCTION/MAIN.O    romdata   0x300005    program   0x000001
.config_300006_BUILD/DEFAULT/PRODUCTION/MAIN.O    romdata   0x300006    program   0x000001
.config_300008_BUILD/DEFAULT/PRODUCTION/MAIN.O    romdata   0x300008    program   0x000001
.config_300009_BUILD/DEFAULT/PRODUCTION/MAIN.O    romdata   0x300009    program   0x000001
.config_30000A_BUILD/DEFAULT/PRODUCTION/MAIN.O    romdata   0x30000a    program   0x000001
.config_30000B_BUILD/DEFAULT/PRODUCTION/MAIN.O    romdata   0x30000b    program   0x000001
.config_30000C_BUILD/DEFAULT/PRODUCTION/MAIN.O    romdata   0x30000c    program   0x000001
.config_30000D_BUILD/DEFAULT/PRODUCTION/MAIN.O    romdata   0x30000d    program   0x000001
               .udata_acs      udata   0x000000       data   0x000015



                              Program Memory Usage 
                               Start         End      
                           ---------   ---------      
                            0x000000    0x000005      
                            0x000008    0x00000b      
                            0x000018    0x000541      
                            0x300001    0x300006      
                            0x300008    0x30000d      
            1344 out of 132120 program addresses used, program memory utilization is 1%



                              Symbols - Sorted by Name
                     Name    Address   Location    Storage File                     
                ---------  ---------  ---------  --------- ---------                
                    DELAY   0x0004a6    program     static /home/egemen/MPLABXProjects/The2.X/main.asm
                 HIGH_ISR   0x00001c    program     static /home/egemen/MPLABXProjects/The2.X/main.asm
                     INIT   0x0004bc    program     static /home/egemen/MPLABXProjects/The2.X/main.asm
              RG0_pressed   0x0003cc    program     static /home/egemen/MPLABXProjects/The2.X/main.asm
             RG0_released   0x0003c2    program     static /home/egemen/MPLABXProjects/The2.X/main.asm
                  RG1_end   0x0003be    program     static /home/egemen/MPLABXProjects/The2.X/main.asm
              RG1_pressed   0x0003b8    program     static /home/egemen/MPLABXProjects/The2.X/main.asm
             RG1_released   0x0003ae    program     static /home/egemen/MPLABXProjects/The2.X/main.asm
              RG2_pressed   0x000420    program     static /home/egemen/MPLABXProjects/The2.X/main.asm
             RG2_released   0x000416    program     static /home/egemen/MPLABXProjects/The2.X/main.asm
                  RG3_end   0x000412    program     static /home/egemen/MPLABXProjects/The2.X/main.asm
              RG3_pressed   0x00040c    program     static /home/egemen/MPLABXProjects/The2.X/main.asm
             RG3_released   0x000402    program     static /home/egemen/MPLABXProjects/The2.X/main.asm
                  RGA_end   0x0003d2    program     static /home/egemen/MPLABXProjects/The2.X/main.asm
                  RGF_end   0x000426    program     static /home/egemen/MPLABXProjects/The2.X/main.asm
                    START   0x00002c    program     static /home/egemen/MPLABXProjects/The2.X/main.asm
                    TABLE   0x000526    program     static /home/egemen/MPLABXProjects/The2.X/main.asm
                     _end   0x0003a4    program     static /home/egemen/MPLABXProjects/The2.X/main.asm
              a_bit_00_11   0x00009c    program     static /home/egemen/MPLABXProjects/The2.X/main.asm
                 a_bit_01   0x0000ac    program     static /home/egemen/MPLABXProjects/The2.X/main.asm
                 a_bit_10   0x0000c2    program     static /home/egemen/MPLABXProjects/The2.X/main.asm
            a_first_bit_0   0x000092    program     static /home/egemen/MPLABXProjects/The2.X/main.asm
              b_bit_00_11   0x0000fa    program     static /home/egemen/MPLABXProjects/The2.X/main.asm
                 b_bit_01   0x000102    program     static /home/egemen/MPLABXProjects/The2.X/main.asm
                 b_bit_10   0x000112    program     static /home/egemen/MPLABXProjects/The2.X/main.asm
            b_first_bit_0   0x0000f0    program     static /home/egemen/MPLABXProjects/The2.X/main.asm
              c_bit_00_11   0x000142    program     static /home/egemen/MPLABXProjects/The2.X/main.asm
                 c_bit_01   0x00014a    program     static /home/egemen/MPLABXProjects/The2.X/main.asm
                 c_bit_10   0x00015a    program     static /home/egemen/MPLABXProjects/The2.X/main.asm
            c_first_bit_0   0x000138    program     static /home/egemen/MPLABXProjects/The2.X/main.asm
              d_bit_00_11   0x00018a    program     static /home/egemen/MPLABXProjects/The2.X/main.asm
                 d_bit_01   0x000192    program     static /home/egemen/MPLABXProjects/The2.X/main.asm
                 d_bit_10   0x0001a2    program     static /home/egemen/MPLABXProjects/The2.X/main.asm
            d_first_bit_0   0x000180    program     static /home/egemen/MPLABXProjects/The2.X/main.asm
                  display   0x00046e    program     static /home/egemen/MPLABXProjects/The2.X/main.asm
              display_end   0x0004a2    program     static /home/egemen/MPLABXProjects/The2.X/main.asm
              e_bit_00_11   0x0001d0    program     static /home/egemen/MPLABXProjects/The2.X/main.asm
                 e_bit_01   0x0001d8    program     static /home/egemen/MPLABXProjects/The2.X/main.asm
                 e_bit_10   0x0001e8    program     static /home/egemen/MPLABXProjects/The2.X/main.asm
            e_first_bit_0   0x0001c6    program     static /home/egemen/MPLABXProjects/The2.X/main.asm
                game_over   0x0004a4    program     static /home/egemen/MPLABXProjects/The2.X/main.asm
                   left_a   0x00007e    program     static /home/egemen/MPLABXProjects/The2.X/main.asm
                   left_b   0x0000da    program     static /home/egemen/MPLABXProjects/The2.X/main.asm
                   left_c   0x000122    program     static /home/egemen/MPLABXProjects/The2.X/main.asm
                   left_d   0x00016a    program     static /home/egemen/MPLABXProjects/The2.X/main.asm
                   left_e   0x0001b2    program     static /home/egemen/MPLABXProjects/The2.X/main.asm
               left_goals   0x000488    program     static /home/egemen/MPLABXProjects/The2.X/main.asm
              left_scored   0x000460    program     static /home/egemen/MPLABXProjects/The2.X/main.asm
                     main   0x000030    program     static /home/egemen/MPLABXProjects/The2.X/main.asm
                move_ball   0x000044    program     static /home/egemen/MPLABXProjects/The2.X/main.asm
        move_paddle1_down   0x0003ea    program     static /home/egemen/MPLABXProjects/The2.X/main.asm
         move_paddle1_end   0x0003f8    program     static /home/egemen/MPLABXProjects/The2.X/main.asm
          move_paddle1_up   0x0003de    program     static /home/egemen/MPLABXProjects/The2.X/main.asm
        move_paddle2_down   0x00043e    program     static /home/egemen/MPLABXProjects/The2.X/main.asm
         move_paddle2_end   0x00044c    program     static /home/egemen/MPLABXProjects/The2.X/main.asm
          move_paddle2_up   0x000432    program     static /home/egemen/MPLABXProjects/The2.X/main.asm
           moving_to_left   0x000050    program     static /home/egemen/MPLABXProjects/The2.X/main.asm
          moving_to_right   0x0001f8    program     static /home/egemen/MPLABXProjects/The2.X/main.asm
                 no_where   0x0003a6    program     static /home/egemen/MPLABXProjects/The2.X/main.asm
                 paddle_1   0x0003aa    program     static /home/egemen/MPLABXProjects/The2.X/main.asm
        paddle_1_led_task   0x0003d8    program     static /home/egemen/MPLABXProjects/The2.X/main.asm
                 paddle_2   0x0003fe    program     static /home/egemen/MPLABXProjects/The2.X/main.asm
        paddle_2_led_task   0x00042c    program     static /home/egemen/MPLABXProjects/The2.X/main.asm
             rb_bit_00_11   0x000244    program     static /home/egemen/MPLABXProjects/The2.X/main.asm
                rb_bit_01   0x00024c    program     static /home/egemen/MPLABXProjects/The2.X/main.asm
                rb_bit_10   0x00025c    program     static /home/egemen/MPLABXProjects/The2.X/main.asm
           rb_first_bit_0   0x00023a    program     static /home/egemen/MPLABXProjects/The2.X/main.asm
             rc_bit_00_11   0x00028c    program     static /home/egemen/MPLABXProjects/The2.X/main.asm
                rc_bit_01   0x000294    program     static /home/egemen/MPLABXProjects/The2.X/main.asm
                rc_bit_10   0x0002a4    program     static /home/egemen/MPLABXProjects/The2.X/main.asm
           rc_first_bit_0   0x000282    program     static /home/egemen/MPLABXProjects/The2.X/main.asm
             rd_bit_00_11   0x0002d4    program     static /home/egemen/MPLABXProjects/The2.X/main.asm
                rd_bit_01   0x0002dc    program     static /home/egemen/MPLABXProjects/The2.X/main.asm
                rd_bit_10   0x0002ec    program     static /home/egemen/MPLABXProjects/The2.X/main.asm
           rd_first_bit_0   0x0002ca    program     static /home/egemen/MPLABXProjects/The2.X/main.asm
             re_bit_00_11   0x00031c    program     static /home/egemen/MPLABXProjects/The2.X/main.asm
                re_bit_01   0x000324    program     static /home/egemen/MPLABXProjects/The2.X/main.asm
                re_bit_10   0x000334    program     static /home/egemen/MPLABXProjects/The2.X/main.asm
           re_first_bit_0   0x000312    program     static /home/egemen/MPLABXProjects/The2.X/main.asm
             rf_bit_00_11   0x000364    program     static /home/egemen/MPLABXProjects/The2.X/main.asm
                rf_bit_01   0x000374    program     static /home/egemen/MPLABXProjects/The2.X/main.asm
                rf_bit_10   0x00038c    program     static /home/egemen/MPLABXProjects/The2.X/main.asm
           rf_first_bit_0   0x00035a    program     static /home/egemen/MPLABXProjects/The2.X/main.asm
                  right_b   0x000226    program     static /home/egemen/MPLABXProjects/The2.X/main.asm
                  right_c   0x00026c    program     static /home/egemen/MPLABXProjects/The2.X/main.asm
                  right_d   0x0002b4    program     static /home/egemen/MPLABXProjects/The2.X/main.asm
                  right_e   0x0002fc    program     static /home/egemen/MPLABXProjects/The2.X/main.asm
                  right_f   0x000344    program     static /home/egemen/MPLABXProjects/The2.X/main.asm
              right_goals   0x00046e    program     static /home/egemen/MPLABXProjects/The2.X/main.asm
             right_scored   0x000452    program     static /home/egemen/MPLABXProjects/The2.X/main.asm
                   xloop1   0x0004ae    program     static /home/egemen/MPLABXProjects/The2.X/main.asm
                   xloop2   0x0004aa    program     static /home/egemen/MPLABXProjects/The2.X/main.asm
               Yok_olan46   0x000009       data     static /home/egemen/MPLABXProjects/The2.X/main.asm
              column_ball   0x00000c       data     static /home/egemen/MPLABXProjects/The2.X/main.asm
                  counter   0x000008       data     static /home/egemen/MPLABXProjects/The2.X/main.asm
                direction   0x00000b       data     static /home/egemen/MPLABXProjects/The2.X/main.asm
               left_score   0x00000e       data     static /home/egemen/MPLABXProjects/The2.X/main.asm
          left_score_flag   0x00000f       data     static /home/egemen/MPLABXProjects/The2.X/main.asm
           move_ball_flag   0x00000a       data     static /home/egemen/MPLABXProjects/The2.X/main.asm
              move_down_1   0x000005       data     static /home/egemen/MPLABXProjects/The2.X/main.asm
              move_down_2   0x000007       data     static /home/egemen/MPLABXProjects/The2.X/main.asm
                move_up_1   0x000004       data     static /home/egemen/MPLABXProjects/The2.X/main.asm
                move_up_2   0x000006       data     static /home/egemen/MPLABXProjects/The2.X/main.asm
              right_score   0x000010       data     static /home/egemen/MPLABXProjects/The2.X/main.asm
         right_score_flag   0x000011       data     static /home/egemen/MPLABXProjects/The2.X/main.asm
                      row   0x00000d       data     static /home/egemen/MPLABXProjects/The2.X/main.asm
                 s_1_down   0x000001       data     static /home/egemen/MPLABXProjects/The2.X/main.asm
                   s_1_up   0x000000       data     static /home/egemen/MPLABXProjects/The2.X/main.asm
                 s_2_down   0x000003       data     static /home/egemen/MPLABXProjects/The2.X/main.asm
                   s_2_up   0x000002       data     static /home/egemen/MPLABXProjects/The2.X/main.asm
                       t1   0x000013       data     static /home/egemen/MPLABXProjects/The2.X/main.asm
                       t2   0x000014       data     static /home/egemen/MPLABXProjects/The2.X/main.asm
               table_wreg   0x000012       data     static /home/egemen/MPLABXProjects/The2.X/main.asm



                              Symbols - Sorted by Address
                     Name    Address   Location    Storage File                     
                ---------  ---------  ---------  --------- ---------                
                 HIGH_ISR   0x00001c    program     static /home/egemen/MPLABXProjects/The2.X/main.asm
                    START   0x00002c    program     static /home/egemen/MPLABXProjects/The2.X/main.asm
                     main   0x000030    program     static /home/egemen/MPLABXProjects/The2.X/main.asm
                move_ball   0x000044    program     static /home/egemen/MPLABXProjects/The2.X/main.asm
           moving_to_left   0x000050    program     static /home/egemen/MPLABXProjects/The2.X/main.asm
                   left_a   0x00007e    program     static /home/egemen/MPLABXProjects/The2.X/main.asm
            a_first_bit_0   0x000092    program     static /home/egemen/MPLABXProjects/The2.X/main.asm
              a_bit_00_11   0x00009c    program     static /home/egemen/MPLABXProjects/The2.X/main.asm
                 a_bit_01   0x0000ac    program     static /home/egemen/MPLABXProjects/The2.X/main.asm
                 a_bit_10   0x0000c2    program     static /home/egemen/MPLABXProjects/The2.X/main.asm
                   left_b   0x0000da    program     static /home/egemen/MPLABXProjects/The2.X/main.asm
            b_first_bit_0   0x0000f0    program     static /home/egemen/MPLABXProjects/The2.X/main.asm
              b_bit_00_11   0x0000fa    program     static /home/egemen/MPLABXProjects/The2.X/main.asm
                 b_bit_01   0x000102    program     static /home/egemen/MPLABXProjects/The2.X/main.asm
                 b_bit_10   0x000112    program     static /home/egemen/MPLABXProjects/The2.X/main.asm
                   left_c   0x000122    program     static /home/egemen/MPLABXProjects/The2.X/main.asm
            c_first_bit_0   0x000138    program     static /home/egemen/MPLABXProjects/The2.X/main.asm
              c_bit_00_11   0x000142    program     static /home/egemen/MPLABXProjects/The2.X/main.asm
                 c_bit_01   0x00014a    program     static /home/egemen/MPLABXProjects/The2.X/main.asm
                 c_bit_10   0x00015a    program     static /home/egemen/MPLABXProjects/The2.X/main.asm
                   left_d   0x00016a    program     static /home/egemen/MPLABXProjects/The2.X/main.asm
            d_first_bit_0   0x000180    program     static /home/egemen/MPLABXProjects/The2.X/main.asm
              d_bit_00_11   0x00018a    program     static /home/egemen/MPLABXProjects/The2.X/main.asm
                 d_bit_01   0x000192    program     static /home/egemen/MPLABXProjects/The2.X/main.asm
                 d_bit_10   0x0001a2    program     static /home/egemen/MPLABXProjects/The2.X/main.asm
                   left_e   0x0001b2    program     static /home/egemen/MPLABXProjects/The2.X/main.asm
            e_first_bit_0   0x0001c6    program     static /home/egemen/MPLABXProjects/The2.X/main.asm
              e_bit_00_11   0x0001d0    program     static /home/egemen/MPLABXProjects/The2.X/main.asm
                 e_bit_01   0x0001d8    program     static /home/egemen/MPLABXProjects/The2.X/main.asm
                 e_bit_10   0x0001e8    program     static /home/egemen/MPLABXProjects/The2.X/main.asm
          moving_to_right   0x0001f8    program     static /home/egemen/MPLABXProjects/The2.X/main.asm
                  right_b   0x000226    program     static /home/egemen/MPLABXProjects/The2.X/main.asm
           rb_first_bit_0   0x00023a    program     static /home/egemen/MPLABXProjects/The2.X/main.asm
             rb_bit_00_11   0x000244    program     static /home/egemen/MPLABXProjects/The2.X/main.asm
                rb_bit_01   0x00024c    program     static /home/egemen/MPLABXProjects/The2.X/main.asm
                rb_bit_10   0x00025c    program     static /home/egemen/MPLABXProjects/The2.X/main.asm
                  right_c   0x00026c    program     static /home/egemen/MPLABXProjects/The2.X/main.asm
           rc_first_bit_0   0x000282    program     static /home/egemen/MPLABXProjects/The2.X/main.asm
             rc_bit_00_11   0x00028c    program     static /home/egemen/MPLABXProjects/The2.X/main.asm
                rc_bit_01   0x000294    program     static /home/egemen/MPLABXProjects/The2.X/main.asm
                rc_bit_10   0x0002a4    program     static /home/egemen/MPLABXProjects/The2.X/main.asm
                  right_d   0x0002b4    program     static /home/egemen/MPLABXProjects/The2.X/main.asm
           rd_first_bit_0   0x0002ca    program     static /home/egemen/MPLABXProjects/The2.X/main.asm
             rd_bit_00_11   0x0002d4    program     static /home/egemen/MPLABXProjects/The2.X/main.asm
                rd_bit_01   0x0002dc    program     static /home/egemen/MPLABXProjects/The2.X/main.asm
                rd_bit_10   0x0002ec    program     static /home/egemen/MPLABXProjects/The2.X/main.asm
                  right_e   0x0002fc    program     static /home/egemen/MPLABXProjects/The2.X/main.asm
           re_first_bit_0   0x000312    program     static /home/egemen/MPLABXProjects/The2.X/main.asm
             re_bit_00_11   0x00031c    program     static /home/egemen/MPLABXProjects/The2.X/main.asm
                re_bit_01   0x000324    program     static /home/egemen/MPLABXProjects/The2.X/main.asm
                re_bit_10   0x000334    program     static /home/egemen/MPLABXProjects/The2.X/main.asm
                  right_f   0x000344    program     static /home/egemen/MPLABXProjects/The2.X/main.asm
           rf_first_bit_0   0x00035a    program     static /home/egemen/MPLABXProjects/The2.X/main.asm
             rf_bit_00_11   0x000364    program     static /home/egemen/MPLABXProjects/The2.X/main.asm
                rf_bit_01   0x000374    program     static /home/egemen/MPLABXProjects/The2.X/main.asm
                rf_bit_10   0x00038c    program     static /home/egemen/MPLABXProjects/The2.X/main.asm
                     _end   0x0003a4    program     static /home/egemen/MPLABXProjects/The2.X/main.asm
                 no_where   0x0003a6    program     static /home/egemen/MPLABXProjects/The2.X/main.asm
                 paddle_1   0x0003aa    program     static /home/egemen/MPLABXProjects/The2.X/main.asm
             RG1_released   0x0003ae    program     static /home/egemen/MPLABXProjects/The2.X/main.asm
              RG1_pressed   0x0003b8    program     static /home/egemen/MPLABXProjects/The2.X/main.asm
                  RG1_end   0x0003be    program     static /home/egemen/MPLABXProjects/The2.X/main.asm
             RG0_released   0x0003c2    program     static /home/egemen/MPLABXProjects/The2.X/main.asm
              RG0_pressed   0x0003cc    program     static /home/egemen/MPLABXProjects/The2.X/main.asm
                  RGA_end   0x0003d2    program     static /home/egemen/MPLABXProjects/The2.X/main.asm
        paddle_1_led_task   0x0003d8    program     static /home/egemen/MPLABXProjects/The2.X/main.asm
          move_paddle1_up   0x0003de    program     static /home/egemen/MPLABXProjects/The2.X/main.asm
        move_paddle1_down   0x0003ea    program     static /home/egemen/MPLABXProjects/The2.X/main.asm
         move_paddle1_end   0x0003f8    program     static /home/egemen/MPLABXProjects/The2.X/main.asm
                 paddle_2   0x0003fe    program     static /home/egemen/MPLABXProjects/The2.X/main.asm
             RG3_released   0x000402    program     static /home/egemen/MPLABXProjects/The2.X/main.asm
              RG3_pressed   0x00040c    program     static /home/egemen/MPLABXProjects/The2.X/main.asm
                  RG3_end   0x000412    program     static /home/egemen/MPLABXProjects/The2.X/main.asm
             RG2_released   0x000416    program     static /home/egemen/MPLABXProjects/The2.X/main.asm
              RG2_pressed   0x000420    program     static /home/egemen/MPLABXProjects/The2.X/main.asm
                  RGF_end   0x000426    program     static /home/egemen/MPLABXProjects/The2.X/main.asm
        paddle_2_led_task   0x00042c    program     static /home/egemen/MPLABXProjects/The2.X/main.asm
          move_paddle2_up   0x000432    program     static /home/egemen/MPLABXProjects/The2.X/main.asm
        move_paddle2_down   0x00043e    program     static /home/egemen/MPLABXProjects/The2.X/main.asm
         move_paddle2_end   0x00044c    program     static /home/egemen/MPLABXProjects/The2.X/main.asm
             right_scored   0x000452    program     static /home/egemen/MPLABXProjects/The2.X/main.asm
              left_scored   0x000460    program     static /home/egemen/MPLABXProjects/The2.X/main.asm
              right_goals   0x00046e    program     static /home/egemen/MPLABXProjects/The2.X/main.asm
                  display   0x00046e    program     static /home/egemen/MPLABXProjects/The2.X/main.asm
               left_goals   0x000488    program     static /home/egemen/MPLABXProjects/The2.X/main.asm
              display_end   0x0004a2    program     static /home/egemen/MPLABXProjects/The2.X/main.asm
                game_over   0x0004a4    program     static /home/egemen/MPLABXProjects/The2.X/main.asm
                    DELAY   0x0004a6    program     static /home/egemen/MPLABXProjects/The2.X/main.asm
                   xloop2   0x0004aa    program     static /home/egemen/MPLABXProjects/The2.X/main.asm
                   xloop1   0x0004ae    program     static /home/egemen/MPLABXProjects/The2.X/main.asm
                     INIT   0x0004bc    program     static /home/egemen/MPLABXProjects/The2.X/main.asm
                    TABLE   0x000526    program     static /home/egemen/MPLABXProjects/The2.X/main.asm
                   s_1_up   0x000000       data     static /home/egemen/MPLABXProjects/The2.X/main.asm
                 s_1_down   0x000001       data     static /home/egemen/MPLABXProjects/The2.X/main.asm
                   s_2_up   0x000002       data     static /home/egemen/MPLABXProjects/The2.X/main.asm
                 s_2_down   0x000003       data     static /home/egemen/MPLABXProjects/The2.X/main.asm
                move_up_1   0x000004       data     static /home/egemen/MPLABXProjects/The2.X/main.asm
              move_down_1   0x000005       data     static /home/egemen/MPLABXProjects/The2.X/main.asm
                move_up_2   0x000006       data     static /home/egemen/MPLABXProjects/The2.X/main.asm
              move_down_2   0x000007       data     static /home/egemen/MPLABXProjects/The2.X/main.asm
                  counter   0x000008       data     static /home/egemen/MPLABXProjects/The2.X/main.asm
               Yok_olan46   0x000009       data     static /home/egemen/MPLABXProjects/The2.X/main.asm
           move_ball_flag   0x00000a       data     static /home/egemen/MPLABXProjects/The2.X/main.asm
                direction   0x00000b       data     static /home/egemen/MPLABXProjects/The2.X/main.asm
              column_ball   0x00000c       data     static /home/egemen/MPLABXProjects/The2.X/main.asm
                      row   0x00000d       data     static /home/egemen/MPLABXProjects/The2.X/main.asm
               left_score   0x00000e       data     static /home/egemen/MPLABXProjects/The2.X/main.asm
          left_score_flag   0x00000f       data     static /home/egemen/MPLABXProjects/The2.X/main.asm
              right_score   0x000010       data     static /home/egemen/MPLABXProjects/The2.X/main.asm
         right_score_flag   0x000011       data     static /home/egemen/MPLABXProjects/The2.X/main.asm
               table_wreg   0x000012       data     static /home/egemen/MPLABXProjects/The2.X/main.asm
                       t1   0x000013       data     static /home/egemen/MPLABXProjects/The2.X/main.asm
                       t2   0x000014       data     static /home/egemen/MPLABXProjects/The2.X/main.asm


