MPLINK 5.08, LINKER
Linker Map File - Created Sun Apr  8 17:04:41 2018

                                 Section Info
                  Section       Type    Address   Location Size(Bytes)
                ---------  ---------  ---------  ---------  ---------
                 RES_VECT       code   0x000000    program   0x000004
                   .cinit    romdata   0x000004    program   0x000002
                   .org_0       code   0x000008    program   0x000004
                   .org_1       code   0x000018    program   0x000496
.config_300001_BUILD/DEFAULT/PRODUCTION/MAIN.O    romdata   0x300001    program   0x000001
.config_300002_BUILD/DEFAULT/PRODUCTION/MAIN.O    romdata   0x300002    program   0x000001
.config_300003_BUILD/DEFAULT/PRODUCTION/MAIN.O    romdata   0x300003    program   0x000001
.config_300005_BUILD/DEFAULT/PRODUCTION/MAIN.O    romdata   0x300005    program   0x000001
.config_300006_BUILD/DEFAULT/PRODUCTION/MAIN.O    romdata   0x300006    program   0x000001
               .udata_acs      udata   0x000000       data   0x000014



                              Program Memory Usage 
                               Start         End      
                           ---------   ---------      
                            0x000000    0x000005      
                            0x000008    0x00000b      
                            0x000018    0x0004ad      
                            0x300001    0x300003      
                            0x300005    0x300006      
            1189 out of 132120 program addresses used, program memory utilization is 0%



                              Symbols - Sorted by Name
                     Name    Address   Location    Storage File                     
                ---------  ---------  ---------  --------- ---------                
                    DELAY   0x000434    program     static /home/egemen/MPLABXProjects/The2.X/main.asm
                 HIGH_ISR   0x000036    program     static /home/egemen/MPLABXProjects/The2.X/main.asm
                     INIT   0x000440    program     static /home/egemen/MPLABXProjects/The2.X/main.asm
              RG0_pressed   0x00032c    program     static /home/egemen/MPLABXProjects/The2.X/main.asm
             RG0_released   0x000322    program     static /home/egemen/MPLABXProjects/The2.X/main.asm
                  RG1_end   0x00031e    program     static /home/egemen/MPLABXProjects/The2.X/main.asm
              RG1_pressed   0x000318    program     static /home/egemen/MPLABXProjects/The2.X/main.asm
             RG1_released   0x00030e    program     static /home/egemen/MPLABXProjects/The2.X/main.asm
              RG2_pressed   0x000380    program     static /home/egemen/MPLABXProjects/The2.X/main.asm
             RG2_released   0x000376    program     static /home/egemen/MPLABXProjects/The2.X/main.asm
                  RG3_end   0x000372    program     static /home/egemen/MPLABXProjects/The2.X/main.asm
              RG3_pressed   0x00036c    program     static /home/egemen/MPLABXProjects/The2.X/main.asm
             RG3_released   0x000362    program     static /home/egemen/MPLABXProjects/The2.X/main.asm
                  RGA_end   0x000332    program     static /home/egemen/MPLABXProjects/The2.X/main.asm
                  RGF_end   0x000386    program     static /home/egemen/MPLABXProjects/The2.X/main.asm
                    START   0x00004a    program     static /home/egemen/MPLABXProjects/The2.X/main.asm
                    TABLE   0x00001c    program     static /home/egemen/MPLABXProjects/The2.X/main.asm
                     _end   0x000308    program     static /home/egemen/MPLABXProjects/The2.X/main.asm
              a_bit_00_11   0x0000b6    program     static /home/egemen/MPLABXProjects/The2.X/main.asm
                 a_bit_01   0x0000c6    program     static /home/egemen/MPLABXProjects/The2.X/main.asm
                 a_bit_10   0x0000da    program     static /home/egemen/MPLABXProjects/The2.X/main.asm
            a_first_bit_0   0x0000ac    program     static /home/egemen/MPLABXProjects/The2.X/main.asm
               after_goal   0x0003d6    program     static /home/egemen/MPLABXProjects/The2.X/main.asm
              b_bit_00_11   0x00010e    program     static /home/egemen/MPLABXProjects/The2.X/main.asm
                 b_bit_01   0x000116    program     static /home/egemen/MPLABXProjects/The2.X/main.asm
                 b_bit_10   0x000122    program     static /home/egemen/MPLABXProjects/The2.X/main.asm
            b_first_bit_0   0x000104    program     static /home/egemen/MPLABXProjects/The2.X/main.asm
              c_bit_00_11   0x00014e    program     static /home/egemen/MPLABXProjects/The2.X/main.asm
                 c_bit_01   0x000156    program     static /home/egemen/MPLABXProjects/The2.X/main.asm
                 c_bit_10   0x000162    program     static /home/egemen/MPLABXProjects/The2.X/main.asm
            c_first_bit_0   0x000144    program     static /home/egemen/MPLABXProjects/The2.X/main.asm
              d_bit_00_11   0x00018e    program     static /home/egemen/MPLABXProjects/The2.X/main.asm
                 d_bit_01   0x000196    program     static /home/egemen/MPLABXProjects/The2.X/main.asm
                 d_bit_10   0x0001a2    program     static /home/egemen/MPLABXProjects/The2.X/main.asm
            d_first_bit_0   0x000184    program     static /home/egemen/MPLABXProjects/The2.X/main.asm
                  display   0x0003ee    program     static /home/egemen/MPLABXProjects/The2.X/main.asm
              display_end   0x00040e    program     static /home/egemen/MPLABXProjects/The2.X/main.asm
                game_over   0x000410    program     static /home/egemen/MPLABXProjects/The2.X/main.asm
                 high_end   0x000046    program     static /home/egemen/MPLABXProjects/The2.X/main.asm
                   left_a   0x000098    program     static /home/egemen/MPLABXProjects/The2.X/main.asm
                   left_b   0x0000ee    program     static /home/egemen/MPLABXProjects/The2.X/main.asm
                   left_c   0x00012e    program     static /home/egemen/MPLABXProjects/The2.X/main.asm
                   left_d   0x00016e    program     static /home/egemen/MPLABXProjects/The2.X/main.asm
                   left_e   0x0001ae    program     static /home/egemen/MPLABXProjects/The2.X/main.asm
               left_goals   0x0003fe    program     static /home/egemen/MPLABXProjects/The2.X/main.asm
              left_scored   0x0003c4    program     static /home/egemen/MPLABXProjects/The2.X/main.asm
                     loop   0x000438    program     static /home/egemen/MPLABXProjects/The2.X/main.asm
                     main   0x00004e    program     static /home/egemen/MPLABXProjects/The2.X/main.asm
                move_ball   0x000062    program     static /home/egemen/MPLABXProjects/The2.X/main.asm
        move_paddle1_down   0x00034a    program     static /home/egemen/MPLABXProjects/The2.X/main.asm
         move_paddle1_end   0x000358    program     static /home/egemen/MPLABXProjects/The2.X/main.asm
          move_paddle1_up   0x00033e    program     static /home/egemen/MPLABXProjects/The2.X/main.asm
        move_paddle2_down   0x00039e    program     static /home/egemen/MPLABXProjects/The2.X/main.asm
         move_paddle2_end   0x0003ac    program     static /home/egemen/MPLABXProjects/The2.X/main.asm
          move_paddle2_up   0x000392    program     static /home/egemen/MPLABXProjects/The2.X/main.asm
           moving_to_left   0x00006e    program     static /home/egemen/MPLABXProjects/The2.X/main.asm
          moving_to_right   0x0001ba    program     static /home/egemen/MPLABXProjects/The2.X/main.asm
                 paddle_1   0x00030a    program     static /home/egemen/MPLABXProjects/The2.X/main.asm
        paddle_1_led_task   0x000338    program     static /home/egemen/MPLABXProjects/The2.X/main.asm
                 paddle_2   0x00035e    program     static /home/egemen/MPLABXProjects/The2.X/main.asm
        paddle_2_led_task   0x00038c    program     static /home/egemen/MPLABXProjects/The2.X/main.asm
             rc_bit_00_11   0x000210    program     static /home/egemen/MPLABXProjects/The2.X/main.asm
                rc_bit_01   0x000218    program     static /home/egemen/MPLABXProjects/The2.X/main.asm
                rc_bit_10   0x000224    program     static /home/egemen/MPLABXProjects/The2.X/main.asm
           rc_first_bit_0   0x000206    program     static /home/egemen/MPLABXProjects/The2.X/main.asm
             rd_bit_00_11   0x000250    program     static /home/egemen/MPLABXProjects/The2.X/main.asm
                rd_bit_01   0x000258    program     static /home/egemen/MPLABXProjects/The2.X/main.asm
                rd_bit_10   0x000264    program     static /home/egemen/MPLABXProjects/The2.X/main.asm
           rd_first_bit_0   0x000246    program     static /home/egemen/MPLABXProjects/The2.X/main.asm
             re_bit_00_11   0x000290    program     static /home/egemen/MPLABXProjects/The2.X/main.asm
                re_bit_01   0x000298    program     static /home/egemen/MPLABXProjects/The2.X/main.asm
                re_bit_10   0x0002a4    program     static /home/egemen/MPLABXProjects/The2.X/main.asm
           re_first_bit_0   0x000286    program     static /home/egemen/MPLABXProjects/The2.X/main.asm
             rf_bit_00_11   0x0002d0    program     static /home/egemen/MPLABXProjects/The2.X/main.asm
                rf_bit_01   0x0002e0    program     static /home/egemen/MPLABXProjects/The2.X/main.asm
                rf_bit_10   0x0002f4    program     static /home/egemen/MPLABXProjects/The2.X/main.asm
           rf_first_bit_0   0x0002c6    program     static /home/egemen/MPLABXProjects/The2.X/main.asm
                  right_b   0x0001e4    program     static /home/egemen/MPLABXProjects/The2.X/main.asm
                  right_c   0x0001f0    program     static /home/egemen/MPLABXProjects/The2.X/main.asm
                  right_d   0x000230    program     static /home/egemen/MPLABXProjects/The2.X/main.asm
                  right_e   0x000270    program     static /home/egemen/MPLABXProjects/The2.X/main.asm
                  right_f   0x0002b0    program     static /home/egemen/MPLABXProjects/The2.X/main.asm
              right_goals   0x0003ee    program     static /home/egemen/MPLABXProjects/The2.X/main.asm
             right_scored   0x0003b2    program     static /home/egemen/MPLABXProjects/The2.X/main.asm
               Yok_olan46   0x000009       data     static /home/egemen/MPLABXProjects/The2.X/main.asm
              column_ball   0x00000c       data     static /home/egemen/MPLABXProjects/The2.X/main.asm
                  counter   0x000008       data     static /home/egemen/MPLABXProjects/The2.X/main.asm
                direction   0x00000b       data     static /home/egemen/MPLABXProjects/The2.X/main.asm
               left_score   0x00000e       data     static /home/egemen/MPLABXProjects/The2.X/main.asm
          left_score_flag   0x00000f       data     static /home/egemen/MPLABXProjects/The2.X/main.asm
           move_ball_flag   0x00000a       data     static /home/egemen/MPLABXProjects/The2.X/main.asm
              move_down_1   0x000005       data     static /home/egemen/MPLABXProjects/The2.X/main.asm
              move_down_2   0x000007       data     static /home/egemen/MPLABXProjects/The2.X/main.asm
                move_up_1   0x000004       data     static /home/egemen/MPLABXProjects/The2.X/main.asm
                move_up_2   0x000006       data     static /home/egemen/MPLABXProjects/The2.X/main.asm
              right_score   0x000010       data     static /home/egemen/MPLABXProjects/The2.X/main.asm
         right_score_flag   0x000011       data     static /home/egemen/MPLABXProjects/The2.X/main.asm
                      row   0x00000d       data     static /home/egemen/MPLABXProjects/The2.X/main.asm
                 s_1_down   0x000001       data     static /home/egemen/MPLABXProjects/The2.X/main.asm
                   s_1_up   0x000000       data     static /home/egemen/MPLABXProjects/The2.X/main.asm
                 s_2_down   0x000003       data     static /home/egemen/MPLABXProjects/The2.X/main.asm
                   s_2_up   0x000002       data     static /home/egemen/MPLABXProjects/The2.X/main.asm
                       t1   0x000013       data     static /home/egemen/MPLABXProjects/The2.X/main.asm
               table_wreg   0x000012       data     static /home/egemen/MPLABXProjects/The2.X/main.asm



                              Symbols - Sorted by Address
                     Name    Address   Location    Storage File                     
                ---------  ---------  ---------  --------- ---------                
                    TABLE   0x00001c    program     static /home/egemen/MPLABXProjects/The2.X/main.asm
                 HIGH_ISR   0x000036    program     static /home/egemen/MPLABXProjects/The2.X/main.asm
                 high_end   0x000046    program     static /home/egemen/MPLABXProjects/The2.X/main.asm
                    START   0x00004a    program     static /home/egemen/MPLABXProjects/The2.X/main.asm
                     main   0x00004e    program     static /home/egemen/MPLABXProjects/The2.X/main.asm
                move_ball   0x000062    program     static /home/egemen/MPLABXProjects/The2.X/main.asm
           moving_to_left   0x00006e    program     static /home/egemen/MPLABXProjects/The2.X/main.asm
                   left_a   0x000098    program     static /home/egemen/MPLABXProjects/The2.X/main.asm
            a_first_bit_0   0x0000ac    program     static /home/egemen/MPLABXProjects/The2.X/main.asm
              a_bit_00_11   0x0000b6    program     static /home/egemen/MPLABXProjects/The2.X/main.asm
                 a_bit_01   0x0000c6    program     static /home/egemen/MPLABXProjects/The2.X/main.asm
                 a_bit_10   0x0000da    program     static /home/egemen/MPLABXProjects/The2.X/main.asm
                   left_b   0x0000ee    program     static /home/egemen/MPLABXProjects/The2.X/main.asm
            b_first_bit_0   0x000104    program     static /home/egemen/MPLABXProjects/The2.X/main.asm
              b_bit_00_11   0x00010e    program     static /home/egemen/MPLABXProjects/The2.X/main.asm
                 b_bit_01   0x000116    program     static /home/egemen/MPLABXProjects/The2.X/main.asm
                 b_bit_10   0x000122    program     static /home/egemen/MPLABXProjects/The2.X/main.asm
                   left_c   0x00012e    program     static /home/egemen/MPLABXProjects/The2.X/main.asm
            c_first_bit_0   0x000144    program     static /home/egemen/MPLABXProjects/The2.X/main.asm
              c_bit_00_11   0x00014e    program     static /home/egemen/MPLABXProjects/The2.X/main.asm
                 c_bit_01   0x000156    program     static /home/egemen/MPLABXProjects/The2.X/main.asm
                 c_bit_10   0x000162    program     static /home/egemen/MPLABXProjects/The2.X/main.asm
                   left_d   0x00016e    program     static /home/egemen/MPLABXProjects/The2.X/main.asm
            d_first_bit_0   0x000184    program     static /home/egemen/MPLABXProjects/The2.X/main.asm
              d_bit_00_11   0x00018e    program     static /home/egemen/MPLABXProjects/The2.X/main.asm
                 d_bit_01   0x000196    program     static /home/egemen/MPLABXProjects/The2.X/main.asm
                 d_bit_10   0x0001a2    program     static /home/egemen/MPLABXProjects/The2.X/main.asm
                   left_e   0x0001ae    program     static /home/egemen/MPLABXProjects/The2.X/main.asm
          moving_to_right   0x0001ba    program     static /home/egemen/MPLABXProjects/The2.X/main.asm
                  right_b   0x0001e4    program     static /home/egemen/MPLABXProjects/The2.X/main.asm
                  right_c   0x0001f0    program     static /home/egemen/MPLABXProjects/The2.X/main.asm
           rc_first_bit_0   0x000206    program     static /home/egemen/MPLABXProjects/The2.X/main.asm
             rc_bit_00_11   0x000210    program     static /home/egemen/MPLABXProjects/The2.X/main.asm
                rc_bit_01   0x000218    program     static /home/egemen/MPLABXProjects/The2.X/main.asm
                rc_bit_10   0x000224    program     static /home/egemen/MPLABXProjects/The2.X/main.asm
                  right_d   0x000230    program     static /home/egemen/MPLABXProjects/The2.X/main.asm
           rd_first_bit_0   0x000246    program     static /home/egemen/MPLABXProjects/The2.X/main.asm
             rd_bit_00_11   0x000250    program     static /home/egemen/MPLABXProjects/The2.X/main.asm
                rd_bit_01   0x000258    program     static /home/egemen/MPLABXProjects/The2.X/main.asm
                rd_bit_10   0x000264    program     static /home/egemen/MPLABXProjects/The2.X/main.asm
                  right_e   0x000270    program     static /home/egemen/MPLABXProjects/The2.X/main.asm
           re_first_bit_0   0x000286    program     static /home/egemen/MPLABXProjects/The2.X/main.asm
             re_bit_00_11   0x000290    program     static /home/egemen/MPLABXProjects/The2.X/main.asm
                re_bit_01   0x000298    program     static /home/egemen/MPLABXProjects/The2.X/main.asm
                re_bit_10   0x0002a4    program     static /home/egemen/MPLABXProjects/The2.X/main.asm
                  right_f   0x0002b0    program     static /home/egemen/MPLABXProjects/The2.X/main.asm
           rf_first_bit_0   0x0002c6    program     static /home/egemen/MPLABXProjects/The2.X/main.asm
             rf_bit_00_11   0x0002d0    program     static /home/egemen/MPLABXProjects/The2.X/main.asm
                rf_bit_01   0x0002e0    program     static /home/egemen/MPLABXProjects/The2.X/main.asm
                rf_bit_10   0x0002f4    program     static /home/egemen/MPLABXProjects/The2.X/main.asm
                     _end   0x000308    program     static /home/egemen/MPLABXProjects/The2.X/main.asm
                 paddle_1   0x00030a    program     static /home/egemen/MPLABXProjects/The2.X/main.asm
             RG1_released   0x00030e    program     static /home/egemen/MPLABXProjects/The2.X/main.asm
              RG1_pressed   0x000318    program     static /home/egemen/MPLABXProjects/The2.X/main.asm
                  RG1_end   0x00031e    program     static /home/egemen/MPLABXProjects/The2.X/main.asm
             RG0_released   0x000322    program     static /home/egemen/MPLABXProjects/The2.X/main.asm
              RG0_pressed   0x00032c    program     static /home/egemen/MPLABXProjects/The2.X/main.asm
                  RGA_end   0x000332    program     static /home/egemen/MPLABXProjects/The2.X/main.asm
        paddle_1_led_task   0x000338    program     static /home/egemen/MPLABXProjects/The2.X/main.asm
          move_paddle1_up   0x00033e    program     static /home/egemen/MPLABXProjects/The2.X/main.asm
        move_paddle1_down   0x00034a    program     static /home/egemen/MPLABXProjects/The2.X/main.asm
         move_paddle1_end   0x000358    program     static /home/egemen/MPLABXProjects/The2.X/main.asm
                 paddle_2   0x00035e    program     static /home/egemen/MPLABXProjects/The2.X/main.asm
             RG3_released   0x000362    program     static /home/egemen/MPLABXProjects/The2.X/main.asm
              RG3_pressed   0x00036c    program     static /home/egemen/MPLABXProjects/The2.X/main.asm
                  RG3_end   0x000372    program     static /home/egemen/MPLABXProjects/The2.X/main.asm
             RG2_released   0x000376    program     static /home/egemen/MPLABXProjects/The2.X/main.asm
              RG2_pressed   0x000380    program     static /home/egemen/MPLABXProjects/The2.X/main.asm
                  RGF_end   0x000386    program     static /home/egemen/MPLABXProjects/The2.X/main.asm
        paddle_2_led_task   0x00038c    program     static /home/egemen/MPLABXProjects/The2.X/main.asm
          move_paddle2_up   0x000392    program     static /home/egemen/MPLABXProjects/The2.X/main.asm
        move_paddle2_down   0x00039e    program     static /home/egemen/MPLABXProjects/The2.X/main.asm
         move_paddle2_end   0x0003ac    program     static /home/egemen/MPLABXProjects/The2.X/main.asm
             right_scored   0x0003b2    program     static /home/egemen/MPLABXProjects/The2.X/main.asm
              left_scored   0x0003c4    program     static /home/egemen/MPLABXProjects/The2.X/main.asm
               after_goal   0x0003d6    program     static /home/egemen/MPLABXProjects/The2.X/main.asm
                  display   0x0003ee    program     static /home/egemen/MPLABXProjects/The2.X/main.asm
              right_goals   0x0003ee    program     static /home/egemen/MPLABXProjects/The2.X/main.asm
               left_goals   0x0003fe    program     static /home/egemen/MPLABXProjects/The2.X/main.asm
              display_end   0x00040e    program     static /home/egemen/MPLABXProjects/The2.X/main.asm
                game_over   0x000410    program     static /home/egemen/MPLABXProjects/The2.X/main.asm
                    DELAY   0x000434    program     static /home/egemen/MPLABXProjects/The2.X/main.asm
                     loop   0x000438    program     static /home/egemen/MPLABXProjects/The2.X/main.asm
                     INIT   0x000440    program     static /home/egemen/MPLABXProjects/The2.X/main.asm
                   s_1_up   0x000000       data     static /home/egemen/MPLABXProjects/The2.X/main.asm
                 s_1_down   0x000001       data     static /home/egemen/MPLABXProjects/The2.X/main.asm
                   s_2_up   0x000002       data     static /home/egemen/MPLABXProjects/The2.X/main.asm
                 s_2_down   0x000003       data     static /home/egemen/MPLABXProjects/The2.X/main.asm
                move_up_1   0x000004       data     static /home/egemen/MPLABXProjects/The2.X/main.asm
              move_down_1   0x000005       data     static /home/egemen/MPLABXProjects/The2.X/main.asm
                move_up_2   0x000006       data     static /home/egemen/MPLABXProjects/The2.X/main.asm
              move_down_2   0x000007       data     static /home/egemen/MPLABXProjects/The2.X/main.asm
                  counter   0x000008       data     static /home/egemen/MPLABXProjects/The2.X/main.asm
               Yok_olan46   0x000009       data     static /home/egemen/MPLABXProjects/The2.X/main.asm
           move_ball_flag   0x00000a       data     static /home/egemen/MPLABXProjects/The2.X/main.asm
                direction   0x00000b       data     static /home/egemen/MPLABXProjects/The2.X/main.asm
              column_ball   0x00000c       data     static /home/egemen/MPLABXProjects/The2.X/main.asm
                      row   0x00000d       data     static /home/egemen/MPLABXProjects/The2.X/main.asm
               left_score   0x00000e       data     static /home/egemen/MPLABXProjects/The2.X/main.asm
          left_score_flag   0x00000f       data     static /home/egemen/MPLABXProjects/The2.X/main.asm
              right_score   0x000010       data     static /home/egemen/MPLABXProjects/The2.X/main.asm
         right_score_flag   0x000011       data     static /home/egemen/MPLABXProjects/The2.X/main.asm
               table_wreg   0x000012       data     static /home/egemen/MPLABXProjects/The2.X/main.asm
                       t1   0x000013       data     static /home/egemen/MPLABXProjects/The2.X/main.asm


